Component: ARM Compiler 6.15 Tool: armlink [5dd79300]

==============================================================================

Section Cross References

    startup_stm32l476xx.o(STACK) refers (Special) to heapauxi.o(.text) for __use_two_region_memory
    startup_stm32l476xx.o(HEAP) refers (Special) to heapauxi.o(.text) for __use_two_region_memory
    startup_stm32l476xx.o(RESET) refers (Special) to heapauxi.o(.text) for __use_two_region_memory
    startup_stm32l476xx.o(RESET) refers to startup_stm32l476xx.o(STACK) for __initial_sp
    startup_stm32l476xx.o(RESET) refers to startup_stm32l476xx.o(.text) for Reset_Handler
    startup_stm32l476xx.o(RESET) refers to sysclock.o(.text.SysTick_Handler) for SysTick_Handler
    startup_stm32l476xx.o(.text) refers (Special) to heapauxi.o(.text) for __use_two_region_memory
    startup_stm32l476xx.o(.text) refers to __main.o(!!!main) for __main
    startup_stm32l476xx.o(.text) refers to startup_stm32l476xx.o(HEAP) for Heap_Mem
    startup_stm32l476xx.o(.text) refers to startup_stm32l476xx.o(STACK) for Stack_Mem
    sysclock.o(.text.System_Clock_Init) refers to sysclock.o(.text.SysTick_Init) for SysTick_Init
    sysclock.o(.ARM.exidx.text.System_Clock_Init) refers to sysclock.o(.text.System_Clock_Init) for [Anonymous Symbol]
    sysclock.o(.text.SysTick_Init) refers to sysclock.o(.text.__NVIC_SetPriority) for __NVIC_SetPriority
    sysclock.o(.ARM.exidx.text.SysTick_Init) refers to sysclock.o(.text.SysTick_Init) for [Anonymous Symbol]
    sysclock.o(.ARM.exidx.text.__NVIC_SetPriority) refers to sysclock.o(.text.__NVIC_SetPriority) for [Anonymous Symbol]
    sysclock.o(.text.SysTick_Handler) refers to sysclock.o(.bss.delayTicks) for delayTicks
    sysclock.o(.text.SysTick_Handler) refers to main.o(.bss.start) for start
    sysclock.o(.text.SysTick_Handler) refers to sysclock.o(.bss.msTicks_A) for msTicks_A
    sysclock.o(.text.SysTick_Handler) refers to sensors.o(.text.controlLoop) for controlLoop
    sysclock.o(.ARM.exidx.text.SysTick_Handler) refers to sysclock.o(.text.SysTick_Handler) for [Anonymous Symbol]
    sysclock.o(.text.delay) refers to sysclock.o(.bss.delayTicks) for delayTicks
    sysclock.o(.ARM.exidx.text.delay) refers to sysclock.o(.text.delay) for [Anonymous Symbol]
    pwm.o(.ARM.exidx.text.PWM_GPIO_Init) refers to pwm.o(.text.PWM_GPIO_Init) for [Anonymous Symbol]
    pwm.o(.text.PWM_Init) refers to pwm.o(.bss.currentAngle1) for currentAngle1
    pwm.o(.text.PWM_Init) refers to pwm.o(.bss.currentAngle2) for currentAngle2
    pwm.o(.text.PWM_Init) refers to pwm.o(.text.PWM_GPIO_Init) for PWM_GPIO_Init
    pwm.o(.text.PWM_Init) refers to pwm.o(.text.getCCRForAngle) for getCCRForAngle
    pwm.o(.ARM.exidx.text.PWM_Init) refers to pwm.o(.text.PWM_Init) for [Anonymous Symbol]
    pwm.o(.text.getCCRForAngle) refers to dflt_clz.o(x$fpl$dfltu) for __aeabi_ui2d
    pwm.o(.text.getCCRForAngle) refers to ddiv.o(x$fpl$ddiv) for __aeabi_ddiv
    pwm.o(.text.getCCRForAngle) refers to dmul.o(x$fpl$dmul) for __aeabi_dmul
    pwm.o(.text.getCCRForAngle) refers to daddsub_clz.o(x$fpl$dadd) for __aeabi_dadd
    pwm.o(.text.getCCRForAngle) refers to dfixu.o(x$fpl$dfixu) for __aeabi_d2uiz
    pwm.o(.ARM.exidx.text.getCCRForAngle) refers to pwm.o(.text.getCCRForAngle) for [Anonymous Symbol]
    pwm.o(.text.incrementAngle) refers to pwm.o(.bss.currentAngle1) for currentAngle1
    pwm.o(.text.incrementAngle) refers to main.o(.data.maxDegH) for maxDegH
    pwm.o(.text.incrementAngle) refers to pwm.o(.bss.currentAngle2) for currentAngle2
    pwm.o(.text.incrementAngle) refers to main.o(.data.maxDegV) for maxDegV
    pwm.o(.text.incrementAngle) refers to pwm.o(.text.setAngle) for setAngle
    pwm.o(.ARM.exidx.text.incrementAngle) refers to pwm.o(.text.incrementAngle) for [Anonymous Symbol]
    pwm.o(.text.setAngle) refers to pwm.o(.text.getCCRForAngle) for getCCRForAngle
    pwm.o(.text.setAngle) refers to pwm.o(.bss.currentAngle2) for currentAngle2
    pwm.o(.text.setAngle) refers to pwm.o(.bss.currentAngle1) for currentAngle1
    pwm.o(.ARM.exidx.text.setAngle) refers to pwm.o(.text.setAngle) for [Anonymous Symbol]
    pwm.o(.text.decrementAngle) refers to pwm.o(.bss.currentAngle1) for currentAngle1
    pwm.o(.text.decrementAngle) refers to main.o(.data.minDegH) for minDegH
    pwm.o(.text.decrementAngle) refers to pwm.o(.bss.currentAngle2) for currentAngle2
    pwm.o(.text.decrementAngle) refers to main.o(.data.minDegV) for minDegV
    pwm.o(.text.decrementAngle) refers to pwm.o(.text.setAngle) for setAngle
    pwm.o(.ARM.exidx.text.decrementAngle) refers to pwm.o(.text.decrementAngle) for [Anonymous Symbol]
    pwm.o(.text.getAngle) refers to pwm.o(.bss.currentAngle2) for currentAngle2
    pwm.o(.text.getAngle) refers to pwm.o(.bss.currentAngle1) for currentAngle1
    pwm.o(.ARM.exidx.text.getAngle) refers to pwm.o(.text.getAngle) for [Anonymous Symbol]
[...]
    sensors.o(.bss.batteryCharge) refers (Special) to _printf_percent.o(.ARM.Collect$$_printf_percent$$00000000) for _printf_percent
    sensors.o(.bss.batteryCharge) refers (Special) to _printf_u.o(.ARM.Collect$$_printf_percent$$0000000A) for _printf_u
    sensors.o(.bss.count) refers (Special) to _printf_dec.o(.text) for _printf_int_dec
    sensors.o(.bss.count) refers (Special) to _printf_percent.o(.ARM.Collect$$_printf_percent$$00000000) for _printf_percent
    sensors.o(.bss.count) refers (Special) to _printf_u.o(.ARM.Collect$$_printf_percent$$0000000A) for _printf_u
    sensors.o(.bss.sensorValues) refers (Special) to _printf_dec.o(.text) for _printf_int_dec
    sensors.o(.bss.sensorValues) refers (Special) to _printf_percent.o(.ARM.Collect$$_printf_percent$$00000000) for _printf_percent
    sensors.o(.bss.sensorValues) refers (Special) to _printf_u.o(.ARM.Collect$$_printf_percent$$0000000A) for _printf_u
    main.o(.text.main) refers to sysclock.o(.text.System_Clock_Init) for System_Clock_Init
    main.o(.text.main) refers to pwm.o(.text.PWM_Init) for PWM_Init
    main.o(.text.main) refers to i2c.o(.text.I2C1_Init) for I2C1_Init
    main.o(.text.main) refers to i2c.o(.text.I2C2_Init) for I2C2_Init
    main.o(.text.main) refers to sensors.o(.text.LCD_Init) for LCD_Init
    main.o(.text.main) refers to main.o(.data.batteryLoopSec) for batteryLoopSec
    main.o(.text.main) refers to sensors.o(.text.Battery_Monitor_Init) for Battery_Monitor_Init
    main.o(.text.main) refers to main.o(.bss.start) for start
    main.o(.ARM.exidx.text.main) refers to main.o(.text.main) for [Anonymous Symbol]
    __2sprintf.o(.text) refers to _printf_char_common.o(.text) for _printf_char_common
    __2sprintf.o(.text) refers to _sputc.o(.text) for _sputc
    noretval__2sprintf.o(.text) refers to _printf_char_common.o(.text) for _printf_char_common
    noretval__2sprintf.o(.text) refers to _sputc.o(.text) for _sputc
    __printf.o(.text) refers to _printf_percent.o(.ARM.Collect$$_printf_percent$$00000000) for _printf_percent
    _printf_dec.o(.text) refers to _printf_intcommon.o(.text) for _printf_int_common
    __printf_flags.o(.text) refers to _printf_percent.o(.ARM.Collect$$_printf_percent$$00000000) for _printf_percent
    __printf_flags.o(.text) refers to __printf_flags.o(.constdata) for .constdata
    __printf_ss.o(.text) refers to _printf_percent.o(.ARM.Collect$$_printf_percent$$00000000) for _printf_percent
    __printf_flags_ss.o(.text) refers to _printf_percent.o(.ARM.Collect$$_printf_percent$$00000000) for _printf_percent
    __printf_flags_ss.o(.text) refers to __printf_flags_ss.o(.constdata) for .constdata
    __printf_wp.o(.text) refers to __printf_wp.o(i._is_digit) for _is_digit
    __printf_wp.o(.text) refers to _printf_percent.o(.ARM.Collect$$_printf_percent$$00000000) for _printf_percent
    __printf_flags_wp.o(.text) refers to __printf_wp.o(i._is_digit) for _is_digit
    __printf_flags_wp.o(.text) refers to _printf_percent.o(.ARM.Collect$$_printf_percent$$00000000) for _printf_percent
    __printf_flags_wp.o(.text) refers to __printf_flags_wp.o(.constdata) for .constdata
    __printf_ss_wp.o(.text) refers to __printf_wp.o(i._is_digit) for _is_digit
    __printf_ss_wp.o(.text) refers to _printf_percent.o(.ARM.Collect$$_printf_percent$$00000000) for _printf_percent
    __printf_flags_ss_wp.o(.text) refers to __printf_wp.o(i._is_digit) for _is_digit
    __printf_flags_ss_wp.o(.text) refers to _printf_percent.o(.ARM.Collect$$_printf_percent$$00000000) for _printf_percent
    __printf_flags_ss_wp.o(.text) refers to __printf_flags_ss_wp.o(.constdata) for .constdata
    _printf_u.o(.ARM.Collect$$_printf_percent$$0000000A) refers (Weak) to _printf_dec.o(.text) for _printf_int_dec
    _printf_percent.o(.ARM.Collect$$_printf_percent$$00000000) refers (Special) to _printf_percent_end.o(.ARM.Collect$$_printf_percent$$00000017) for _printf_percent_end
    __main.o(!!!main) refers to __rtentry.o(.ARM.Collect$$rtentry$$00000000) for __rt_entry
    daddsub_clz.o(x$fpl$dadd) refers (Special) to usenofp.o(x$fpl$usenofp) for __I$use$fp
    daddsub_clz.o(x$fpl$dadd) refers to daddsub_clz.o(x$fpl$dsub) for _dsub1
    daddsub_clz.o(x$fpl$dadd) refers to dretinf.o(x$fpl$dretinf) for __fpl_dretinf
    daddsub_clz.o(x$fpl$dadd) refers to dnaninf.o(x$fpl$dnaninf) for __fpl_dnaninf
    daddsub_clz.o(x$fpl$drsb) refers (Special) to usenofp.o(x$fpl$usenofp) for __I$use$fp
    daddsub_clz.o(x$fpl$drsb) refers to daddsub_clz.o(x$fpl$dadd) for _dadd1
    daddsub_clz.o(x$fpl$drsb) refers to daddsub_clz.o(x$fpl$dsub) for _dsub1
    daddsub_clz.o(x$fpl$dsub) refers (Special) to usenofp.o(x$fpl$usenofp) for __I$use$fp
    daddsub_clz.o(x$fpl$dsub) refers to daddsub_clz.o(x$fpl$dadd) for _dadd1
    daddsub_clz.o(x$fpl$dsub) refers to dnaninf.o(x$fpl$dnaninf) for __fpl_dnaninf
    ddiv.o(x$fpl$drdiv) refers (Special) to usenofp.o(x$fpl$usenofp) for __I$use$fp
    ddiv.o(x$fpl$drdiv) refers to ddiv.o(x$fpl$ddiv) for ddiv_entry
    ddiv.o(x$fpl$ddiv) refers (Special) to usenofp.o(x$fpl$usenofp) for __I$use$fp
    ddiv.o(x$fpl$ddiv) refers to dretinf.o(x$fpl$dretinf) for __fpl_dretinf
    ddiv.o(x$fpl$ddiv) refers to dnaninf.o(x$fpl$dnaninf) for __fpl_dnaninf
    dfix.o(x$fpl$dfix) refers (Special) to usenofp.o(x$fpl$usenofp) for __I$use$fp
    dfix.o(x$fpl$dfix) refers to dnaninf.o(x$fpl$dnaninf) for __fpl_dnaninf
    dfix.o(x$fpl$dfixr) refers (Special) to usenofp.o(x$fpl$usenofp) for __I$use$fp
    dfix.o(x$fpl$dfixr) refers to dnaninf.o(x$fpl$dnaninf) for __fpl_dnaninf
    dfixu.o(x$fpl$dfixu) refers (Special) to usenofp.o(x$fpl$usenofp) for __I$use$fp
    dfixu.o(x$fpl$dfixu) refers to dnaninf.o(x$fpl$dnaninf) for __fpl_dnaninf
    dfixu.o(x$fpl$dfixur) refers (Special) to usenofp.o(x$fpl$usenofp) for __I$use$fp
    dfixu.o(x$fpl$dfixur) refers to dnaninf.o(x$fpl$dnaninf) for __fpl_dnaninf
    dflt_clz.o(x$fpl$dfltu) refers (Special) to usenofp.o(x$fpl$usenofp) for __I$use$fp
    dflt_clz.o(x$fpl$dflt) refers (Special) to usenofp.o(x$fpl$usenofp) for __I$use$fp
    dflt_clz.o(x$fpl$dfltn) refers (Special) to usenofp.o(x$fpl$usenofp) for __I$use$fp
    dmul.o(x$fpl$dmul) refers (Special) to usenofp.o(x$fpl$usenofp) for __I$use$fp
    dmul.o(x$fpl$dmul) refers to dretinf.o(x$fpl$dretinf) for __fpl_dretinf
    dmul.o(x$fpl$dmul) refers to dnaninf.o(x$fpl$dnaninf) for __fpl_dnaninf
    __rtentry.o(.ARM.Collect$$rtentry$$00000000) refers (Special) to __rtentry2.o(.ARM.Collect$$rtentry$$0000000A) for __rt_entry_li
    __rtentry.o(.ARM.Collect$$rtentry$$00000000) refers (Special) to __rtentry2.o(.ARM.Collect$$rtentry$$0000000D) for __rt_entry_main
    __rtentry.o(.ARM.Collect$$rtentry$$00000000) refers (Special) to __rtentry2.o(.ARM.Collect$$rtentry$$0000000C) for __rt_entry_postli_1
    __rtentry.o(.ARM.Collect$$rtentry$$00000000) refers (Special) to __rtentry2.o(.ARM.Collect$$rtentry$$00000009) for __rt_entry_postsh_1
    __rtentry.o(.ARM.Collect$$rtentry$$00000000) refers (Special) to __rtentry2.o(.ARM.Collect$$rtentry$$00000002) for __rt_entry_presh_1
    __rtentry.o(.ARM.Collect$$rtentry$$00000000) refers (Special) to __rtentry4.o(.ARM.Collect$$rtentry$$00000004) for __rt_entry_sh
    _printf_char_common.o(.text) refers to __printf.o(.text) for __printf
    dnaninf.o(x$fpl$dnaninf) refers (Special) to usenofp.o(x$fpl$usenofp) for __I$use$fp
    dretinf.o(x$fpl$dretinf) refers (Special) to usenofp.o(x$fpl$usenofp) for __I$use$fp
    __rtentry2.o(.ARM.Collect$$rtentry$$00000008) refers to boardinit2.o(.text) for _platform_post_stackheap_init
    __rtentry2.o(.ARM.Collect$$rtentry$$0000000A) refers to libinit.o(.ARM.Collect$$libinit$$00000000) for __rt_lib_init
    __rtentry2.o(.ARM.Collect$$rtentry$$0000000B) refers to boardinit3.o(.text) for _platform_post_lib_init
    __rtentry2.o(.ARM.Collect$$rtentry$$0000000D) refers to main.o(.text.main) for main
    __rtentry2.o(.ARM.Collect$$rtentry$$0000000D) refers to exit.o(.text) for exit
    __rtentry2.o(.ARM.exidx) refers to __rtentry2.o(.ARM.Collect$$rtentry$$00000001) for .ARM.Collect$$rtentry$$00000001
    __rtentry2.o(.ARM.exidx) refers to __rtentry2.o(.ARM.Collect$$rtentry$$00000008) for .ARM.Collect$$rtentry$$00000008
    __rtentry2.o(.ARM.exidx) refers to __rtentry2.o(.ARM.Collect$$rtentry$$0000000A) for .ARM.Collect$$rtentry$$0000000A
    __rtentry2.o(.ARM.exidx) refers to __rtentry2.o(.ARM.Collect$$rtentry$$0000000B) for .ARM.Collect$$rtentry$$0000000B
    __rtentry2.o(.ARM.exidx) refers to __rtentry2.o(.ARM.Collect$$rtentry$$0000000D) for .ARM.Collect$$rtentry$$0000000D
    __rtentry4.o(.ARM.Collect$$rtentry$$00000004) refers to sys_stackheap_outer.o(.text) for __user_setup_stackheap
    __rtentry4.o(.ARM.exidx) refers to __rtentry4.o(.ARM.Collect$$rtentry$$00000004) for .ARM.Collect$$rtentry$$00000004
    sys_stackheap_outer.o(.text) refers to libspace.o(.text) for __user_perproc_libspace
    sys_stackheap_outer.o(.text) refers to startup_stm32l476xx.o(.text) for __user_initial_stackheap
    exit.o(.text) refers to rtexit.o(.ARM.Collect$$rtexit$$00000000) for __rt_exit
    libinit.o(.ARM.Collect$$libinit$$00000000) refers (Special) to libinit2.o(.ARM.Collect$$libinit$$0000002E) for __rt_lib_init_alloca_1
    libinit.o(.ARM.Collect$$libinit$$00000000) refers (Special) to libinit2.o(.ARM.Collect$$libinit$$0000002C) for __rt_lib_init_argv_1
    libinit.o(.ARM.Collect$$libinit$$00000000) refers (Special) to libinit2.o(.ARM.Collect$$libinit$$0000001B) for __rt_lib_init_atexit_1
    libinit.o(.ARM.Collect$$libinit$$00000000) refers (Special) to libinit2.o(.ARM.Collect$$libinit$$00000021) for __rt_lib_init_clock_1
    libinit.o(.ARM.Collect$$libinit$$00000000) refers (Special) to libinit2.o(.ARM.Collect$$libinit$$00000032) for __rt_lib_init_cpp_1
    libinit.o(.ARM.Collect$$libinit$$00000000) refers (Special) to libinit2.o(.ARM.Collect$$libinit$$00000030) for __rt_lib_init_exceptions_1
    libinit.o(.ARM.Collect$$libinit$$00000000) refers (Special) to libinit2.o(.ARM.Collect$$libinit$$00000001) for __rt_lib_init_fp_1
    libinit.o(.ARM.Collect$$libinit$$00000000) refers (Special) to libinit2.o(.ARM.Collect$$libinit$$0000001F) for __rt_lib_init_fp_trap_1
    libinit.o(.ARM.Collect$$libinit$$00000000) refers (Special) to libinit2.o(.ARM.Collect$$libinit$$00000023) for __rt_lib_init_getenv_1
    libinit.o(.ARM.Collect$$libinit$$00000000) refers (Special) to libinit2.o(.ARM.Collect$$libinit$$0000000A) for __rt_lib_init_heap_1
    libinit.o(.ARM.Collect$$libinit$$00000000) refers (Special) to libinit2.o(.ARM.Collect$$libinit$$00000011) for __rt_lib_init_lc_collate_1
    libinit.o(.ARM.Collect$$libinit$$00000000) refers (Special) to libinit2.o(.ARM.Collect$$libinit$$00000013) for __rt_lib_init_lc_ctype_1
    libinit.o(.ARM.Collect$$libinit$$00000000) refers (Special) to libinit2.o(.ARM.Collect$$libinit$$00000015) for __rt_lib_init_lc_monetary_1
    libinit.o(.ARM.Collect$$libinit$$00000000) refers (Special) to libinit2.o(.ARM.Collect$$libinit$$00000017) for __rt_lib_init_lc_numeric_1
    libinit.o(.ARM.Collect$$libinit$$00000000) refers (Special) to libinit2.o(.ARM.Collect$$libinit$$00000019) for __rt_lib_init_lc_time_1
    libinit.o(.ARM.Collect$$libinit$$00000000) refers (Special) to libinit2.o(.ARM.Collect$$libinit$$00000004) for __rt_lib_init_preinit_1
    libinit.o(.ARM.Collect$$libinit$$00000000) refers (Special) to libinit2.o(.ARM.Collect$$libinit$$0000000E) for __rt_lib_init_rand_1
    libinit.o(.ARM.Collect$$libinit$$00000000) refers (Special) to libinit2.o(.ARM.Collect$$libinit$$00000033) for __rt_lib_init_return
    libinit.o(.ARM.Collect$$libinit$$00000000) refers (Special) to libinit2.o(.ARM.Collect$$libinit$$0000001D) for __rt_lib_init_signal_1
    libinit.o(.ARM.Collect$$libinit$$00000000) refers (Special) to libinit2.o(.ARM.Collect$$libinit$$00000025) for __rt_lib_init_stdio_1
    libinit.o(.ARM.Collect$$libinit$$00000000) refers (Special) to libinit2.o(.ARM.Collect$$libinit$$0000000C) for __rt_lib_init_user_alloc_1
    libspace.o(.text) refers to libspace.o(.bss) for __libspace_start
    rtexit.o(.ARM.Collect$$rtexit$$00000000) refers (Special) to rtexit2.o(.ARM.Collect$$rtexit$$00000004) for __rt_exit_exit
    rtexit.o(.ARM.Collect$$rtexit$$00000000) refers (Special) to rtexit2.o(.ARM.Collect$$rtexit$$00000003) for __rt_exit_ls
    rtexit.o(.ARM.Collect$$rtexit$$00000000) refers (Special) to rtexit2.o(.ARM.Collect$$rtexit$$00000002) for __rt_exit_prels_1
    rtexit.o(.ARM.exidx) refers (Special) to rtexit2.o(.ARM.Collect$$rtexit$$00000004) for __rt_exit_exit
    rtexit.o(.ARM.exidx) refers (Special) to rtexit2.o(.ARM.Collect$$rtexit$$00000003) for __rt_exit_ls
    rtexit.o(.ARM.exidx) refers (Special) to rtexit2.o(.ARM.Collect$$rtexit$$00000002) for __rt_exit_prels_1
    rtexit.o(.ARM.exidx) refers to rtexit.o(.ARM.Collect$$rtexit$$00000000) for .ARM.Collect$$rtexit$$00000000
    libinit2.o(.ARM.Collect$$libinit$$00000001) refers to fpinit.o(x$fpl$fpinit) for _fp_init
    libinit2.o(.ARM.Collect$$libinit$$00000010) refers to libinit2.o(.ARM.Collect$$libinit$$0000000F) for .ARM.Collect$$libinit$$0000000F
    libinit2.o(.ARM.Collect$$libinit$$00000012) refers to libinit2.o(.ARM.Collect$$libinit$$0000000F) for .ARM.Collect$$libinit$$0000000F
    libinit2.o(.ARM.Collect$$libinit$$00000014) refers to libinit2.o(.ARM.Collect$$libinit$$0000000F) for .ARM.Collect$$libinit$$0000000F
    libinit2.o(.ARM.Collect$$libinit$$00000016) refers to libinit2.o(.ARM.Collect$$libinit$$0000000F) for .ARM.Collect$$libinit$$0000000F
    libinit2.o(.ARM.Collect$$libinit$$00000018) refers to libinit2.o(.ARM.Collect$$libinit$$0000000F) for .ARM.Collect$$libinit$$0000000F
    libinit2.o(.ARM.Collect$$libinit$$00000026) refers to argv_veneer.o(.emb_text) for __ARM_argv_veneer
    libinit2.o(.ARM.Collect$$libinit$$00000027) refers to argv_veneer.o(.emb_text) for __ARM_argv_veneer
    rtexit2.o(.ARM.Collect$$rtexit$$00000003) refers to libshutdown.o(.ARM.Collect$$libshutdown$$00000000) for __rt_lib_shutdown
    rtexit2.o(.ARM.Collect$$rtexit$$00000004) refers to sys_exit.o(.text) for _sys_exit
    rtexit2.o(.ARM.exidx) refers to rtexit2.o(.ARM.Collect$$rtexit$$00000001) for .ARM.Collect$$rtexit$$00000001
    rtexit2.o(.ARM.exidx) refers to rtexit2.o(.ARM.Collect$$rtexit$$00000003) for .ARM.Collect$$rtexit$$00000003
    rtexit2.o(.ARM.exidx) refers to rtexit2.o(.ARM.Collect$$rtexit$$00000004) for .ARM.Collect$$rtexit$$00000004
    argv_veneer.o(.emb_text) refers to no_argv.o(.text) for __ARM_get_argv
    sys_exit.o(.text) refers (Special) to use_no_semi.o(.text) for __I$use$semihosting
    sys_exit.o(.text) refers (Special) to indicate_semi.o(.text) for __semihosting_library_function
    sys_exit_hlt.o(.text) refers (Special) to use_no_semi.o(.text) for __I$use$semihosting
    sys_exit_hlt.o(.text) refers (Special) to indicate_semi.o(.text) for __semihosting_library_function
    _get_argv_nomalloc.o(.text) refers (Special) to hrguard.o(.text) for __heap_region$guard
    _get_argv_nomalloc.o(.text) refers to defsig_rtmem_outer.o(.text) for __rt_SIGRTMEM
    _get_argv_nomalloc.o(.text) refers to sys_command.o(.text) for _sys_command_string
    libshutdown.o(.ARM.Collect$$libshutdown$$00000000) refers (Special) to libshutdown2.o(.ARM.Collect$$libshutdown$$00000002) for __rt_lib_shutdown_cpp_1
    libshutdown.o(.ARM.Collect$$libshutdown$$00000000) refers (Special) to libshutdown2.o(.ARM.Collect$$libshutdown$$00000007) for __rt_lib_shutdown_fp_trap_1
    libshutdown.o(.ARM.Collect$$libshutdown$$00000000) refers (Special) to libshutdown2.o(.ARM.Collect$$libshutdown$$0000000F) for __rt_lib_shutdown_heap_1
    libshutdown.o(.ARM.Collect$$libshutdown$$00000000) refers (Special) to libshutdown2.o(.ARM.Collect$$libshutdown$$00000010) for __rt_lib_shutdown_return
    libshutdown.o(.ARM.Collect$$libshutdown$$00000000) refers (Special) to libshutdown2.o(.ARM.Collect$$libshutdown$$0000000A) for __rt_lib_shutdown_signal_1
    libshutdown.o(.ARM.Collect$$libshutdown$$00000000) refers (Special) to libshutdown2.o(.ARM.Collect$$libshutdown$$00000004) for __rt_lib_shutdown_stdio_1
    libshutdown.o(.ARM.Collect$$libshutdown$$00000000) refers (Special) to libshutdown2.o(.ARM.Collect$$libshutdown$$0000000C) for __rt_lib_shutdown_user_alloc_1
    sys_command.o(.text) refers (Special) to use_no_semi.o(.text) for __I$use$semihosting
    sys_command.o(.text) refers (Special) to indicate_semi.o(.text) for __semihosting_library_function
    sys_command_hlt.o(.text) refers (Special) to use_no_semi.o(.text) for __I$use$semihosting
    sys_command_hlt.o(.text) refers (Special) to indicate_semi.o(.text) for __semihosting_library_function
    defsig_rtmem_outer.o(.text) refers to defsig_rtmem_inner.o(.text) for __rt_SIGRTMEM_inner
    defsig_rtmem_outer.o(.text) refers to defsig_exit.o(.text) for __sig_exit
    defsig_rtmem_formal.o(.text) refers to rt_raise.o(.text) for __rt_raise
    rt_raise.o(.text) refers to __raise.o(.text) for __raise
    rt_raise.o(.text) refers to sys_exit.o(.text) for _sys_exit
    defsig_exit.o(.text) refers to sys_exit.o(.text) for _sys_exit
    defsig_rtmem_inner.o(.text) refers to defsig_general.o(.text) for __default_signal_display
    __raise.o(.text) refers to defsig.o(CL$$defsig) for __default_signal_handler
    defsig_general.o(.text) refers to sys_wrch.o(.text) for _ttywrch
    sys_wrch.o(.text) refers (Special) to use_no_semi.o(.text) for __I$use$semihosting
    sys_wrch.o(.text) refers (Special) to indicate_semi.o(.text) for __semihosting_library_function
    sys_wrch_hlt.o(.text) refers (Special) to use_no_semi.o(.text) for __I$use$semihosting
    sys_wrch_hlt.o(.text) refers (Special) to indicate_semi.o(.text) for __semihosting_library_function
    defsig.o(CL$$defsig) refers to defsig_rtmem_inner.o(.text) for __rt_SIGRTMEM_inner
    defsig_abrt_inner.o(.text) refers to defsig_general.o(.text) for __default_signal_display
    defsig_fpe_inner.o(.text) refers to defsig_general.o(.text) for __default_signal_display
    defsig_rtred_inner.o(.text) refers to defsig_general.o(.text) for __default_signal_display
    defsig_stak_inner.o(.text) refers to defsig_general.o(.text) for __default_signal_display
    defsig_pvfn_inner.o(.text) refers to defsig_general.o(.text) for __default_signal_display
    defsig_cppl_inner.o(.text) refers to defsig_general.o(.text) for __default_signal_display
    defsig_segv_inner.o(.text) refers to defsig_general.o(.text) for __default_signal_display
    defsig_other.o(.text) refers to defsig_general.o(.text) for __default_signal_display


==============================================================================

Removing Unused input sections from the image.

    Removing sysclock.o(.text), (0 bytes).
    Removing sysclock.o(.ARM.exidx.text.System_Clock_Init), (8 bytes).
    Removing sysclock.o(.ARM.exidx.text.SysTick_Init), (8 bytes).
    Removing sysclock.o(.ARM.exidx.text.__NVIC_SetPriority), (8 bytes).
    Removing sysclock.o(.ARM.exidx.text.SysTick_Handler), (8 bytes).
    Removing sysclock.o(.text.delay), (20 bytes).
    Removing sysclock.o(.ARM.exidx.text.delay), (8 bytes).
    Removing pwm.o(.text), (0 bytes).
    Removing pwm.o(.ARM.exidx.text.PWM_GPIO_Init), (8 bytes).
    Removing pwm.o(.ARM.exidx.text.PWM_Init), (8 bytes).
    Removing pwm.o(.ARM.exidx.text.getCCRForAngle), (8 bytes).
    Removing pwm.o(.ARM.exidx.text.incrementAngle), (8 bytes).
    Removing pwm.o(.ARM.exidx.text.setAngle), (8 bytes).
    Removing pwm.o(.ARM.exidx.text.decrementAngle), (8 bytes).
    Removing pwm.o(.text.getAngle), (26 bytes).
    Removing pwm.o(.ARM.exidx.text.getAngle), (8 bytes).
    Removing i2c.o(.text), (0 bytes).
    Removing i2c.o(.ARM.exidx.text.I2C1_GPIO_Init), (8 bytes).
    Removing i2c.o(.ARM.exidx.text.I2C2_GPIO_Init), (8 bytes).
    Removing i2c.o(.ARM.exidx.text.I2C1_Init), (8 bytes).
    Removing i2c.o(.ARM.exidx.text.I2C2_Init), (8 bytes).
    Removing i2c.o(.ARM.exidx.text.I2C_Start), (8 bytes).
    Removing i2c.o(.ARM.exidx.text.I2C_Stop), (8 bytes).
    Removing i2c.o(.ARM.exidx.text.I2C_WaitLineIdle), (8 bytes).
    Removing i2c.o(.ARM.exidx.text.I2C_SendData), (8 bytes).
    Removing i2c.o(.ARM.exidx.text.I2C_ReceiveData), (8 bytes).
    Removing i2c.o(.ARM.exidx.text.readWord), (8 bytes).
    Removing i2c.o(.ARM.exidx.text.writeWord), (8 bytes).
    Removing sensors.o(.text), (0 bytes).
    Removing sensors.o(.text.testLCD), (20 bytes).
    Removing sensors.o(.ARM.exidx.text.testLCD), (8 bytes).
    Removing sensors.o(.ARM.exidx.text.writeToDisplay), (8 bytes).
    Removing sensors.o(.text.testMotors), (238 bytes).
    Removing sensors.o(.ARM.exidx.text.testMotors), (8 bytes).
    Removing sensors.o(.text.testLightSensor), (22 bytes).
    Removing sensors.o(.ARM.exidx.text.testLightSensor), (8 bytes).
    Removing sensors.o(.ARM.exidx.text.readLuxValues), (8 bytes).
    Removing sensors.o(.ARM.exidx.text.moveTowardLight), (8 bytes).
    Removing sensors.o(.ARM.exidx.text.LCD_Init), (8 bytes).
    Removing sensors.o(.ARM.exidx.text.displayCharge), (8 bytes).
    Removing sensors.o(.ARM.exidx.text.Battery_Monitor_Init), (8 bytes).
    Removing sensors.o(.ARM.exidx.text.readBatteryCharge), (8 bytes).
    Removing sensors.o(.ARM.exidx.text.controlLoop), (8 bytes).
    Removing main.o(.text), (0 bytes).
    Removing main.o(.ARM.exidx.text.main), (8 bytes).
    Removing main.o(.data.controlLoopMs), (2 bytes).
    Removing main.o(.bss.vals), (510 bytes).
    Removing main.o(.bss.val), (2 bytes).
    Removing main.o(.bss.cmd), (1 bytes).
    Removing main.o(.ARM.use_no_argv), (4 bytes).

50 unused section(s) (total 1125 bytes) removed from the image.

==============================================================================

Image Symbol Table

    Local Symbols

    Symbol Name                              Value     Ov Type        Size  Object(Section)

    ../clib/angel/boardlib.s                 0x00000000   Number         0  boardinit1.o ABSOLUTE
    ../clib/angel/boardlib.s                 0x00000000   Number         0  boardinit2.o ABSOLUTE
    ../clib/angel/boardlib.s                 0x00000000   Number         0  boardinit3.o ABSOLUTE
    ../clib/angel/boardlib.s                 0x00000000   Number         0  boardshut.o ABSOLUTE
    ../clib/angel/handlers.s                 0x00000000   Number         0  __scatter_copy.o ABSOLUTE
    ../clib/angel/handlers.s                 0x00000000   Number         0  __scatter_zi.o ABSOLUTE
    ../clib/angel/kernel.s                   0x00000000   Number         0  __rtentry.o ABSOLUTE
    ../clib/angel/kernel.s                   0x00000000   Number         0  __rtentry2.o ABSOLUTE
    ../clib/angel/kernel.s                   0x00000000   Number         0  __rtentry4.o ABSOLUTE
    ../clib/angel/kernel.s                   0x00000000   Number         0  rtexit.o ABSOLUTE
    ../clib/angel/kernel.s                   0x00000000   Number         0  rtexit2.o ABSOLUTE
    ../clib/angel/rt.s                       0x00000000   Number         0  rt_raise.o ABSOLUTE
    ../clib/angel/scatter.s                  0x00000000   Number         0  __scatter.o ABSOLUTE
    ../clib/angel/startup.s                  0x00000000   Number         0  __main.o ABSOLUTE
    ../clib/angel/sys.s                      0x00000000   Number         0  sys_stackheap_outer.o ABSOLUTE
    ../clib/angel/sys.s                      0x00000000   Number         0  libspace.o ABSOLUTE
    ../clib/angel/sys.s                      0x00000000   Number         0  use_no_semi.o ABSOLUTE
    ../clib/angel/sys.s                      0x00000000   Number         0  indicate_semi.o ABSOLUTE
    ../clib/angel/sysapp.c                   0x00000000   Number         0  sys_exit.o ABSOLUTE
    ../clib/angel/sysapp.c                   0x00000000   Number         0  sys_exit_hlt.o ABSOLUTE
    ../clib/angel/sysapp.c                   0x00000000   Number         0  sys_command.o ABSOLUTE
    ../clib/angel/sysapp.c                   0x00000000   Number         0  sys_command_hlt.o ABSOLUTE
    ../clib/angel/sysapp.c                   0x00000000   Number         0  sys_wrch.o ABSOLUTE
    ../clib/angel/sysapp.c                   0x00000000   Number         0  sys_wrch_hlt.o ABSOLUTE
    ../clib/armsys.c                         0x00000000   Number         0  argv_veneer.o ABSOLUTE
    ../clib/armsys.c                         0x00000000   Number         0  argv_veneer.o ABSOLUTE
    ../clib/armsys.c                         0x00000000   Number         0  _get_argv_nomalloc.o ABSOLUTE
    ../clib/armsys.c                         0x00000000   Number         0  no_argv.o ABSOLUTE
    ../clib/heapalloc.c                      0x00000000   Number         0  hrguard.o ABSOLUTE
    ../clib/heapaux.c                        0x00000000   Number         0  heapauxi.o ABSOLUTE
    ../clib/libinit.s                        0x00000000   Number         0  libinit.o ABSOLUTE
    ../clib/libinit.s                        0x00000000   Number         0  libinit2.o ABSOLUTE
    ../clib/libinit.s                        0x00000000   Number         0  libshutdown.o ABSOLUTE
    ../clib/libinit.s                        0x00000000   Number         0  libshutdown2.o ABSOLUTE
    ../clib/printf.c                         0x00000000   Number         0  __2sprintf.o ABSOLUTE
    ../clib/printf.c                         0x00000000   Number         0  noretval__2sprintf.o ABSOLUTE
    ../clib/printf.c                         0x00000000   Number         0  __printf.o ABSOLUTE
    ../clib/printf.c                         0x00000000   Number         0  _printf_dec.o ABSOLUTE
    ../clib/printf.c                         0x00000000   Number         0  __printf_flags.o ABSOLUTE
    ../clib/printf.c                         0x00000000   Number         0  __printf_ss.o ABSOLUTE
    ../clib/printf.c                         0x00000000   Number         0  __printf_flags_ss.o ABSOLUTE
    ../clib/printf.c                         0x00000000   Number         0  __printf_wp.o ABSOLUTE
    ../clib/printf.c                         0x00000000   Number         0  __printf_flags_wp.o ABSOLUTE
    ../clib/printf.c                         0x00000000   Number         0  __printf_ss_wp.o ABSOLUTE
    ../clib/printf.c                         0x00000000   Number         0  __printf_flags_ss_wp.o ABSOLUTE
    ../clib/printf.c                         0x00000000   Number         0  _printf_intcommon.o ABSOLUTE
    ../clib/printf.c                         0x00000000   Number         0  _printf_char_common.o ABSOLUTE
    ../clib/printf.c                         0x00000000   Number         0  _sputc.o ABSOLUTE
    ../clib/printf.c                         0x00000000   Number         0  __printf_nopercent.o ABSOLUTE
    ../clib/printf_percent.s                 0x00000000   Number         0  _printf_u.o ABSOLUTE
    ../clib/printf_percent.s                 0x00000000   Number         0  _printf_percent.o ABSOLUTE
    ../clib/printf_percent.s                 0x00000000   Number         0  _printf_percent_end.o ABSOLUTE
    ../clib/signal.c                         0x00000000   Number         0  defsig_rtmem_outer.o ABSOLUTE
    ../clib/signal.c                         0x00000000   Number         0  defsig_rtmem_formal.o ABSOLUTE
    ../clib/signal.c                         0x00000000   Number         0  defsig_exit.o ABSOLUTE
    ../clib/signal.c                         0x00000000   Number         0  defsig_rtmem_inner.o ABSOLUTE
    ../clib/signal.c                         0x00000000   Number         0  __raise.o ABSOLUTE
    ../clib/signal.c                         0x00000000   Number         0  defsig_general.o ABSOLUTE
    ../clib/signal.c                         0x00000000   Number         0  defsig_abrt_inner.o ABSOLUTE
    ../clib/signal.c                         0x00000000   Number         0  defsig_fpe_inner.o ABSOLUTE
    ../clib/signal.c                         0x00000000   Number         0  defsig_rtred_inner.o ABSOLUTE
    ../clib/signal.c                         0x00000000   Number         0  defsig_stak_inner.o ABSOLUTE
    ../clib/signal.c                         0x00000000   Number         0  defsig_pvfn_inner.o ABSOLUTE
    ../clib/signal.c                         0x00000000   Number         0  defsig_cppl_inner.o ABSOLUTE
    ../clib/signal.c                         0x00000000   Number         0  defsig_segv_inner.o ABSOLUTE
    ../clib/signal.c                         0x00000000   Number         0  defsig_other.o ABSOLUTE
    ../clib/signal.s                         0x00000000   Number         0  defsig.o ABSOLUTE
    ../clib/stdlib.c                         0x00000000   Number         0  exit.o ABSOLUTE
    ../fplib/daddsub.s                       0x00000000   Number         0  daddsub_clz.o ABSOLUTE
    ../fplib/ddiv.s                          0x00000000   Number         0  ddiv.o ABSOLUTE
    ../fplib/dfix.s                          0x00000000   Number         0  dfix.o ABSOLUTE
    ../fplib/dfixu.s                         0x00000000   Number         0  dfixu.o ABSOLUTE
    ../fplib/dflt.s                          0x00000000   Number         0  dflt_clz.o ABSOLUTE
    ../fplib/dmul.s                          0x00000000   Number         0  dmul.o ABSOLUTE
    ../fplib/dnaninf.s                       0x00000000   Number         0  dnaninf.o ABSOLUTE
    ../fplib/dretinf.s                       0x00000000   Number         0  dretinf.o ABSOLUTE
    ../fplib/fpinit.s                        0x00000000   Number         0  fpinit.o ABSOLUTE
    ../fplib/usenofp.s                       0x00000000   Number         0  usenofp.o ABSOLUTE
    I2C.c                                    0x00000000   Number         0  i2c.o ABSOLUTE
    PWM.c                                    0x00000000   Number         0  pwm.o ABSOLUTE
    SysClock.c                               0x00000000   Number         0  sysclock.o ABSOLUTE
    dc.s                                     0x00000000   Number         0  dc.o ABSOLUTE
    main.c                                   0x00000000   Number         0  main.o ABSOLUTE
    sensors.c                                0x00000000   Number         0  sensors.o ABSOLUTE
    src/startup_stm32l476xx.s                0x00000000   Number         0  startup_stm32l476xx.o ABSOLUTE
    RESET                                    0x08000000   Section      392  startup_stm32l476xx.o(RESET)
    !!!main                                  0x08000188   Section        8  __main.o(!!!main)
    !!!scatter                               0x08000190   Section       52  __scatter.o(!!!scatter)
    !!handler_copy                           0x080001c4   Section       26  __scatter_copy.o(!!handler_copy)
    !!handler_zi                             0x080001e0   Section       28  __scatter_zi.o(!!handler_zi)
    .ARM.Collect$$_printf_percent$$00000000  0x080001fc   Section        0  _printf_percent.o(.ARM.Collect$$_printf_percent$$00000000)
    .ARM.Collect$$_printf_percent$$0000000A  0x080001fc   Section        6  _printf_u.o(.ARM.Collect$$_printf_percent$$0000000A)
    .ARM.Collect$$_printf_percent$$00000017  0x08000202   Section        4  _printf_percent_end.o(.ARM.Collect$$_printf_percent$$00000017)
    .ARM.Collect$$libinit$$00000000          0x08000206   Section        2  libinit.o(.ARM.Collect$$libinit$$00000000)
    .ARM.Collect$$libinit$$00000001          0x08000208   Section        4  libinit2.o(.ARM.Collect$$libinit$$00000001)
    .ARM.Collect$$libinit$$00000004          0x0800020c   Section        0  libinit2.o(.ARM.Collect$$libinit$$00000004)
    .ARM.Collect$$libinit$$0000000A          0x0800020c   Section        0  libinit2.o(.ARM.Collect$$libinit$$0000000A)
    .ARM.Collect$$libinit$$0000000C          0x0800020c   Section        0  libinit2.o(.ARM.Collect$$libinit$$0000000C)
    .ARM.Collect$$libinit$$0000000E          0x0800020c   Section        0  libinit2.o(.ARM.Collect$$libinit$$0000000E)
    .ARM.Collect$$libinit$$00000011          0x0800020c   Section        0  libinit2.o(.ARM.Collect$$libinit$$00000011)
    .ARM.Collect$$libinit$$00000013          0x0800020c   Section        0  libinit2.o(.ARM.Collect$$libinit$$00000013)
    .ARM.Collect$$libinit$$00000015          0x0800020c   Section        0  libinit2.o(.ARM.Collect$$libinit$$00000015)
    .ARM.Collect$$libinit$$00000017          0x0800020c   Section        0  libinit2.o(.ARM.Collect$$libinit$$00000017)
    .ARM.Collect$$libinit$$00000019          0x0800020c   Section        0  libinit2.o(.ARM.Collect$$libinit$$00000019)
    .ARM.Collect$$libinit$$0000001B          0x0800020c   Section        0  libinit2.o(.ARM.Collect$$libinit$$0000001B)
    .ARM.Collect$$libinit$$0000001D          0x0800020c   Section        0  libinit2.o(.ARM.Collect$$libinit$$0000001D)
    .ARM.Collect$$libinit$$0000001F          0x0800020c   Section        0  libinit2.o(.ARM.Collect$$libinit$$0000001F)
    .ARM.Collect$$libinit$$00000021          0x0800020c   Section        0  libinit2.o(.ARM.Collect$$libinit$$00000021)
    .ARM.Collect$$libinit$$00000023          0x0800020c   Section        0  libinit2.o(.ARM.Collect$$libinit$$00000023)
    .ARM.Collect$$libinit$$00000025          0x0800020c   Section        0  libinit2.o(.ARM.Collect$$libinit$$00000025)
    .ARM.Collect$$libinit$$0000002C          0x0800020c   Section        0  libinit2.o(.ARM.Collect$$libinit$$0000002C)
    .ARM.Collect$$libinit$$0000002E          0x0800020c   Section        0  libinit2.o(.ARM.Collect$$libinit$$0000002E)
    .ARM.Collect$$libinit$$00000030          0x0800020c   Section        0  libinit2.o(.ARM.Collect$$libinit$$00000030)
    .ARM.Collect$$libinit$$00000032          0x0800020c   Section        0  libinit2.o(.ARM.Collect$$libinit$$00000032)
    .ARM.Collect$$libinit$$00000033          0x0800020c   Section        2  libinit2.o(.ARM.Collect$$libinit$$00000033)
    .ARM.Collect$$libshutdown$$00000000      0x0800020e   Section        2  libshutdown.o(.ARM.Collect$$libshutdown$$00000000)
    .ARM.Collect$$libshutdown$$00000002      0x08000210   Section        0  libshutdown2.o(.ARM.Collect$$libshutdown$$00000002)
    .ARM.Collect$$libshutdown$$00000004      0x08000210   Section        0  libshutdown2.o(.ARM.Collect$$libshutdown$$00000004)
    .ARM.Collect$$libshutdown$$00000007      0x08000210   Section        0  libshutdown2.o(.ARM.Collect$$libshutdown$$00000007)
    .ARM.Collect$$libshutdown$$0000000A      0x08000210   Section        0  libshutdown2.o(.ARM.Collect$$libshutdown$$0000000A)
    .ARM.Collect$$libshutdown$$0000000C      0x08000210   Section        0  libshutdown2.o(.ARM.Collect$$libshutdown$$0000000C)
    .ARM.Collect$$libshutdown$$0000000F      0x08000210   Section        0  libshutdown2.o(.ARM.Collect$$libshutdown$$0000000F)
    .ARM.Collect$$libshutdown$$00000010      0x08000210   Section        2  libshutdown2.o(.ARM.Collect$$libshutdown$$00000010)
    .ARM.Collect$$rtentry$$00000000          0x08000212   Section        0  __rtentry.o(.ARM.Collect$$rtentry$$00000000)
    .ARM.Collect$$rtentry$$00000002          0x08000212   Section        0  __rtentry2.o(.ARM.Collect$$rtentry$$00000002)
    .ARM.Collect$$rtentry$$00000004          0x08000212   Section        6  __rtentry4.o(.ARM.Collect$$rtentry$$00000004)
    .ARM.Collect$$rtentry$$00000009          0x08000218   Section        0  __rtentry2.o(.ARM.Collect$$rtentry$$00000009)
    .ARM.Collect$$rtentry$$0000000A          0x08000218   Section        4  __rtentry2.o(.ARM.Collect$$rtentry$$0000000A)
    .ARM.Collect$$rtentry$$0000000C          0x0800021c   Section        0  __rtentry2.o(.ARM.Collect$$rtentry$$0000000C)
    .ARM.Collect$$rtentry$$0000000D          0x0800021c   Section        8  __rtentry2.o(.ARM.Collect$$rtentry$$0000000D)
    .ARM.Collect$$rtexit$$00000000           0x08000224   Section        2  rtexit.o(.ARM.Collect$$rtexit$$00000000)
    .ARM.Collect$$rtexit$$00000002           0x08000226   Section        0  rtexit2.o(.ARM.Collect$$rtexit$$00000002)
    .ARM.Collect$$rtexit$$00000003           0x08000226   Section        4  rtexit2.o(.ARM.Collect$$rtexit$$00000003)
    .ARM.Collect$$rtexit$$00000004           0x0800022a   Section        6  rtexit2.o(.ARM.Collect$$rtexit$$00000004)
    $v0                                      0x08000230   Number         0  startup_stm32l476xx.o(.text)
    .text                                    0x08000230   Section      132  startup_stm32l476xx.o(.text)
    .text                                    0x080002b4   Section        0  noretval__2sprintf.o(.text)
    .text                                    0x080002dc   Section        0  __printf.o(.text)
    .text                                    0x08000344   Section        0  _printf_dec.o(.text)
    .text                                    0x080003bc   Section        0  heapauxi.o(.text)
    .text                                    0x080003c2   Section        0  _printf_intcommon.o(.text)
    _printf_input_char                       0x08000475   Thumb Code    10  _printf_char_common.o(.text)
    .text                                    0x08000474   Section        0  _printf_char_common.o(.text)
    .text                                    0x080004a4   Section        0  _sputc.o(.text)
    .text                                    0x080004ae   Section       74  sys_stackheap_outer.o(.text)
    .text                                    0x080004f8   Section        0  exit.o(.text)
    .text                                    0x0800050c   Section        8  libspace.o(.text)
    .text                                    0x08000514   Section        0  sys_exit.o(.text)
    .text                                    0x08000520   Section        2  use_no_semi.o(.text)
    .text                                    0x08000522   Section        0  indicate_semi.o(.text)
    [Anonymous Symbol]                       0x08000524   Section        0  sensors.o(.text.Battery_Monitor_Init)
    [Anonymous Symbol]                       0x08000530   Section        0  i2c.o(.text.I2C1_GPIO_Init)
    [Anonymous Symbol]                       0x08000574   Section        0  i2c.o(.text.I2C1_Init)
    [Anonymous Symbol]                       0x080005f4   Section        0  i2c.o(.text.I2C2_GPIO_Init)
    [Anonymous Symbol]                       0x08000638   Section        0  i2c.o(.text.I2C2_Init)
    [Anonymous Symbol]                       0x080006b8   Section        0  i2c.o(.text.I2C_ReceiveData)
    [Anonymous Symbol]                       0x08000704   Section        0  i2c.o(.text.I2C_SendData)
    [Anonymous Symbol]                       0x08000764   Section        0  i2c.o(.text.I2C_Start)
    [Anonymous Symbol]                       0x08000798   Section        0  i2c.o(.text.I2C_Stop)
    [Anonymous Symbol]                       0x080007a8   Section        0  i2c.o(.text.I2C_WaitLineIdle)
    [Anonymous Symbol]                       0x080007b0   Section        0  sensors.o(.text.LCD_Init)
    [Anonymous Symbol]                       0x0800080c   Section        0  pwm.o(.text.PWM_GPIO_Init)
    [Anonymous Symbol]                       0x080008a8   Section        0  pwm.o(.text.PWM_Init)
    [Anonymous Symbol]                       0x08000974   Section        0  sysclock.o(.text.SysTick_Handler)
    [Anonymous Symbol]                       0x080009b4   Section        0  sysclock.o(.text.SysTick_Init)
    [Anonymous Symbol]                       0x080009e8   Section        0  sysclock.o(.text.System_Clock_Init)
    __NVIC_SetPriority                       0x08000b0d   Thumb Code    14  sysclock.o(.text.__NVIC_SetPriority)
    [Anonymous Symbol]                       0x08000b0c   Section        0  sysclock.o(.text.__NVIC_SetPriority)
    [Anonymous Symbol]                       0x08000b1c   Section        0  sensors.o(.text.controlLoop)
    [Anonymous Symbol]                       0x08000b64   Section        0  pwm.o(.text.decrementAngle)
    [Anonymous Symbol]                       0x08000bac   Section        0  sensors.o(.text.displayCharge)
    [Anonymous Symbol]                       0x08000bd8   Section        0  pwm.o(.text.getCCRForAngle)
    [Anonymous Symbol]                       0x08000c20   Section        0  pwm.o(.text.incrementAngle)
    [Anonymous Symbol]                       0x08000c68   Section        0  main.o(.text.main)
    [Anonymous Symbol]                       0x08000c9c   Section        0  sensors.o(.text.moveTowardLight)
    [Anonymous Symbol]                       0x08000d00   Section        0  sensors.o(.text.readBatteryCharge)
    [Anonymous Symbol]                       0x08000d58   Section        0  sensors.o(.text.readLuxValues)
    [Anonymous Symbol]                       0x08000d84   Section        0  i2c.o(.text.readWord)
    [Anonymous Symbol]                       0x08000ddc   Section        0  pwm.o(.text.setAngle)
    [Anonymous Symbol]                       0x08000e10   Section        0  sensors.o(.text.writeToDisplay)
    [Anonymous Symbol]                       0x08000eec   Section        0  i2c.o(.text.writeWord)
    $v0                                      0x08000f38   Number         0  daddsub_clz.o(x$fpl$dadd)
    x$fpl$dadd                               0x08000f38   Section      336  daddsub_clz.o(x$fpl$dadd)
    _dadd1                                   0x08000f49   Thumb Code     0  daddsub_clz.o(x$fpl$dadd)
    $v0                                      0x08001088   Number         0  ddiv.o(x$fpl$ddiv)
    x$fpl$ddiv                               0x08001088   Section      688  ddiv.o(x$fpl$ddiv)
    ddiv_entry                               0x0800108f   Thumb Code     0  ddiv.o(x$fpl$ddiv)
    $v0                                      0x08001338   Number         0  dfix.o(x$fpl$dfix)
    x$fpl$dfix                               0x08001338   Section       94  dfix.o(x$fpl$dfix)
    $v0                                      0x08001398   Number         0  dfixu.o(x$fpl$dfixu)
    x$fpl$dfixu                              0x08001398   Section       90  dfixu.o(x$fpl$dfixu)
    $v0                                      0x080013f2   Number         0  dflt_clz.o(x$fpl$dfltu)
    x$fpl$dfltu                              0x080013f2   Section       38  dflt_clz.o(x$fpl$dfltu)
    $v0                                      0x08001418   Number         0  dmul.o(x$fpl$dmul)
    x$fpl$dmul                               0x08001418   Section      340  dmul.o(x$fpl$dmul)
    $v0                                      0x0800156c   Number         0  dnaninf.o(x$fpl$dnaninf)
    x$fpl$dnaninf                            0x0800156c   Section      156  dnaninf.o(x$fpl$dnaninf)
    $v0                                      0x08001608   Number         0  dretinf.o(x$fpl$dretinf)
    x$fpl$dretinf                            0x08001608   Section       12  dretinf.o(x$fpl$dretinf)
    $v0                                      0x08001614   Number         0  daddsub_clz.o(x$fpl$dsub)
    x$fpl$dsub                               0x08001614   Section      468  daddsub_clz.o(x$fpl$dsub)
    _dsub1                                   0x08001625   Thumb Code     0  daddsub_clz.o(x$fpl$dsub)
    $v0                                      0x080017e8   Number         0  fpinit.o(x$fpl$fpinit)
    x$fpl$fpinit                             0x080017e8   Section       26  fpinit.o(x$fpl$fpinit)
    x$fpl$usenofp                            0x08001802   Section        0  usenofp.o(x$fpl$usenofp)
    .bss                                     0x20000008   Section       96  libspace.o(.bss)
    delayTicks                               0x20000074   Data           4  sysclock.o(.bss.delayTicks)
    [Anonymous Symbol]                       0x20000074   Section        0  sysclock.o(.bss.delayTicks)
    msTicks_A                                0x20000078   Data           4  sysclock.o(.bss.msTicks_A)
    [Anonymous Symbol]                       0x20000078   Section        0  sysclock.o(.bss.msTicks_A)
    Heap_Mem                                 0x20000088   Data         512  startup_stm32l476xx.o(HEAP)
    HEAP                                     0x20000088   Section      512  startup_stm32l476xx.o(HEAP)
    Stack_Mem                                0x20000288   Data        1024  startup_stm32l476xx.o(STACK)
    STACK                                    0x20000288   Section     1024  startup_stm32l476xx.o(STACK)
    __initial_sp                             0x20000688   Data           0  startup_stm32l476xx.o(STACK)

    Global Symbols

    Symbol Name                              Value     Ov Type        Size  Object(Section)

    BuildAttributes$$THM_ISAv4$E$P$D$K$B$S$7EM$VFPi3$EXTD16$VFPS$VFMA$PE$A:L22UL41UL21$X:L11$S22US41US21$IEEE1$IW$~IW$USESV6$~STKCKD$USESV7$~SHL$OTIME$ROPI$EBA8$UX$STANDARDLIB$REQ8$PRES8$EABIv2 0x00000000   Number         0  anon$$obj.o ABSOLUTE
    Image$$ER_IROM1$$RW$$Length              0x00000000   Number         0  anon$$obj.o ABSOLUTE
    Image$$ER_IROM1$$ZI$$Length              0x00000000   Number         0  anon$$obj.o ABSOLUTE
    Image$$RW_IRAM1$$RO$$Length              0x00000000   Number         0  anon$$obj.o ABSOLUTE
    __ARM_exceptions_init                     - Undefined Weak Reference
    __alloca_initialize                       - Undefined Weak Reference
    __arm_preinit_                            - Undefined Weak Reference
    __cpp_initialize__aeabi_                  - Undefined Weak Reference
    __cxa_finalize                            - Undefined Weak Reference
    __rt_locale                               - Undefined Weak Reference
    __sigvec_lookup                           - Undefined Weak Reference
    _atexit_init                              - Undefined Weak Reference
    _call_atexit_fns                          - Undefined Weak Reference
    _clock_init                               - Undefined Weak Reference
    _fp_trap_init                             - Undefined Weak Reference
    _fp_trap_shutdown                         - Undefined Weak Reference
    _get_lc_collate                           - Undefined Weak Reference
    _get_lc_ctype                             - Undefined Weak Reference
    _get_lc_monetary                          - Undefined Weak Reference
    _get_lc_numeric                           - Undefined Weak Reference
    _get_lc_time                              - Undefined Weak Reference
    _getenv_init                              - Undefined Weak Reference
    _handle_redirection                       - Undefined Weak Reference
    _init_alloc                               - Undefined Weak Reference
    _init_user_alloc                          - Undefined Weak Reference
    _initio                                   - Undefined Weak Reference
    _printf_post_padding                      - Undefined Weak Reference
    _printf_pre_padding                       - Undefined Weak Reference
    _printf_truncate_signed                   - Undefined Weak Reference
    _printf_truncate_unsigned                 - Undefined Weak Reference
    _rand_init                                - Undefined Weak Reference
    _signal_finish                            - Undefined Weak Reference
    _signal_init                              - Undefined Weak Reference
    _terminate_alloc                          - Undefined Weak Reference
    _terminate_user_alloc                     - Undefined Weak Reference
    _terminateio                              - Undefined Weak Reference
    Image$$RW_IRAM1$$Length                  0x00000008   Number         0  anon$$obj.o ABSOLUTE
    Image$$RW_IRAM1$$RW$$Length              0x00000008   Number         0  anon$$obj.o ABSOLUTE
    __Vectors_Size                           0x00000188   Number         0  startup_stm32l476xx.o ABSOLUTE
    Image$$RW_IRAM1$$ZI$$Length              0x00000680   Number         0  anon$$obj.o ABSOLUTE
    Image$$ER_IROM1$$RO$$Length              0x00001824   Number         0  anon$$obj.o ABSOLUTE
    Image$$ER_IROM1$$RO$$Base                0x08000000   Number         0  anon$$obj.o ABSOLUTE
    Load$$ER_IROM1$$Base                     0x08000000   Number         0  anon$$obj.o ABSOLUTE
    __Vectors                                0x08000000   Data           4  startup_stm32l476xx.o(RESET)
    __Vectors_End                            0x08000188   Data           0  startup_stm32l476xx.o(RESET)
    __main                                   0x08000189   Thumb Code     8  __main.o(!!!main)
    __scatterload                            0x08000191   Thumb Code     0  __scatter.o(!!!scatter)
    __scatterload_rt2                        0x08000191   Thumb Code    44  __scatter.o(!!!scatter)
    __scatterload_rt2_thumb_only             0x08000191   Thumb Code     0  __scatter.o(!!!scatter)
    __scatterload_null                       0x0800019f   Thumb Code     0  __scatter.o(!!!scatter)
    __scatterload_copy                       0x080001c5   Thumb Code    26  __scatter_copy.o(!!handler_copy)
    __scatterload_zeroinit                   0x080001e1   Thumb Code    28  __scatter_zi.o(!!handler_zi)
    _printf_percent                          0x080001fd   Thumb Code     0  _printf_percent.o(.ARM.Collect$$_printf_percent$$00000000)
    _printf_u                                0x080001fd   Thumb Code     0  _printf_u.o(.ARM.Collect$$_printf_percent$$0000000A)
    _printf_percent_end                      0x08000203   Thumb Code     0  _printf_percent_end.o(.ARM.Collect$$_printf_percent$$00000017)
    __rt_lib_init                            0x08000207   Thumb Code     0  libinit.o(.ARM.Collect$$libinit$$00000000)
    __rt_lib_init_fp_1                       0x08000209   Thumb Code     0  libinit2.o(.ARM.Collect$$libinit$$00000001)
    __rt_lib_init_alloca_1                   0x0800020d   Thumb Code     0  libinit2.o(.ARM.Collect$$libinit$$0000002E)
    __rt_lib_init_argv_1                     0x0800020d   Thumb Code     0  libinit2.o(.ARM.Collect$$libinit$$0000002C)
    __rt_lib_init_atexit_1                   0x0800020d   Thumb Code     0  libinit2.o(.ARM.Collect$$libinit$$0000001B)
    __rt_lib_init_clock_1                    0x0800020d   Thumb Code     0  libinit2.o(.ARM.Collect$$libinit$$00000021)
    __rt_lib_init_cpp_1                      0x0800020d   Thumb Code     0  libinit2.o(.ARM.Collect$$libinit$$00000032)
    __rt_lib_init_exceptions_1               0x0800020d   Thumb Code     0  libinit2.o(.ARM.Collect$$libinit$$00000030)
    __rt_lib_init_fp_trap_1                  0x0800020d   Thumb Code     0  libinit2.o(.ARM.Collect$$libinit$$0000001F)
    __rt_lib_init_getenv_1                   0x0800020d   Thumb Code     0  libinit2.o(.ARM.Collect$$libinit$$00000023)
    __rt_lib_init_heap_1                     0x0800020d   Thumb Code     0  libinit2.o(.ARM.Collect$$libinit$$0000000A)
    __rt_lib_init_lc_collate_1               0x0800020d   Thumb Code     0  libinit2.o(.ARM.Collect$$libinit$$00000011)
    __rt_lib_init_lc_ctype_1                 0x0800020d   Thumb Code     0  libinit2.o(.ARM.Collect$$libinit$$00000013)
    __rt_lib_init_lc_monetary_1              0x0800020d   Thumb Code     0  libinit2.o(.ARM.Collect$$libinit$$00000015)
    __rt_lib_init_lc_numeric_1               0x0800020d   Thumb Code     0  libinit2.o(.ARM.Collect$$libinit$$00000017)
    __rt_lib_init_lc_time_1                  0x0800020d   Thumb Code     0  libinit2.o(.ARM.Collect$$libinit$$00000019)
    __rt_lib_init_preinit_1                  0x0800020d   Thumb Code     0  libinit2.o(.ARM.Collect$$libinit$$00000004)
    __rt_lib_init_rand_1                     0x0800020d   Thumb Code     0  libinit2.o(.ARM.Collect$$libinit$$0000000E)
    __rt_lib_init_return                     0x0800020d   Thumb Code     0  libinit2.o(.ARM.Collect$$libinit$$00000033)
    __rt_lib_init_signal_1                   0x0800020d   Thumb Code     0  libinit2.o(.ARM.Collect$$libinit$$0000001D)
    __rt_lib_init_stdio_1                    0x0800020d   Thumb Code     0  libinit2.o(.ARM.Collect$$libinit$$00000025)
    __rt_lib_init_user_alloc_1               0x0800020d   Thumb Code     0  libinit2.o(.ARM.Collect$$libinit$$0000000C)
    __rt_lib_shutdown                        0x0800020f   Thumb Code     0  libshutdown.o(.ARM.Collect$$libshutdown$$00000000)
    __rt_lib_shutdown_cpp_1                  0x08000211   Thumb Code     0  libshutdown2.o(.ARM.Collect$$libshutdown$$00000002)
    __rt_lib_shutdown_fp_trap_1              0x08000211   Thumb Code     0  libshutdown2.o(.ARM.Collect$$libshutdown$$00000007)
    __rt_lib_shutdown_heap_1                 0x08000211   Thumb Code     0  libshutdown2.o(.ARM.Collect$$libshutdown$$0000000F)
    __rt_lib_shutdown_return                 0x08000211   Thumb Code     0  libshutdown2.o(.ARM.Collect$$libshutdown$$00000010)
    __rt_lib_shutdown_signal_1               0x08000211   Thumb Code     0  libshutdown2.o(.ARM.Collect$$libshutdown$$0000000A)
    __rt_lib_shutdown_stdio_1                0x08000211   Thumb Code     0  libshutdown2.o(.ARM.Collect$$libshutdown$$00000004)
    __rt_lib_shutdown_user_alloc_1           0x08000211   Thumb Code     0  libshutdown2.o(.ARM.Collect$$libshutdown$$0000000C)
    __rt_entry                               0x08000213   Thumb Code     0  __rtentry.o(.ARM.Collect$$rtentry$$00000000)
    __rt_entry_presh_1                       0x08000213   Thumb Code     0  __rtentry2.o(.ARM.Collect$$rtentry$$00000002)
    __rt_entry_sh                            0x08000213   Thumb Code     0  __rtentry4.o(.ARM.Collect$$rtentry$$00000004)
    __rt_entry_li                            0x08000219   Thumb Code     0  __rtentry2.o(.ARM.Collect$$rtentry$$0000000A)
    __rt_entry_postsh_1                      0x08000219   Thumb Code     0  __rtentry2.o(.ARM.Collect$$rtentry$$00000009)
    __rt_entry_main                          0x0800021d   Thumb Code     0  __rtentry2.o(.ARM.Collect$$rtentry$$0000000D)
    __rt_entry_postli_1                      0x0800021d   Thumb Code     0  __rtentry2.o(.ARM.Collect$$rtentry$$0000000C)
    __rt_exit                                0x08000225   Thumb Code     0  rtexit.o(.ARM.Collect$$rtexit$$00000000)
    __rt_exit_ls                             0x08000227   Thumb Code     0  rtexit2.o(.ARM.Collect$$rtexit$$00000003)
    __rt_exit_prels_1                        0x08000227   Thumb Code     0  rtexit2.o(.ARM.Collect$$rtexit$$00000002)
    __rt_exit_exit                           0x0800022b   Thumb Code     0  rtexit2.o(.ARM.Collect$$rtexit$$00000004)
    Reset_Handler                            0x08000231   Thumb Code    60  startup_stm32l476xx.o(.text)
    NMI_Handler                              0x0800026d   Thumb Code     2  startup_stm32l476xx.o(.text)
    HardFault_Handler                        0x0800026f   Thumb Code     2  startup_stm32l476xx.o(.text)
    MemManage_Handler                        0x08000271   Thumb Code     2  startup_stm32l476xx.o(.text)
    BusFault_Handler                         0x08000273   Thumb Code     2  startup_stm32l476xx.o(.text)
    UsageFault_Handler                       0x08000275   Thumb Code     2  startup_stm32l476xx.o(.text)
    SVC_Handler                              0x08000277   Thumb Code     2  startup_stm32l476xx.o(.text)
    DebugMon_Handler                         0x08000279   Thumb Code     2  startup_stm32l476xx.o(.text)
    PendSV_Handler                           0x0800027b   Thumb Code     2  startup_stm32l476xx.o(.text)
    ADC1_2_IRQHandler                        0x0800027f   Thumb Code     0  startup_stm32l476xx.o(.text)
    ADC3_IRQHandler                          0x0800027f   Thumb Code     0  startup_stm32l476xx.o(.text)
    CAN1_RX0_IRQHandler                      0x0800027f   Thumb Code     0  startup_stm32l476xx.o(.text)
    CAN1_RX1_IRQHandler                      0x0800027f   Thumb Code     0  startup_stm32l476xx.o(.text)
    CAN1_SCE_IRQHandler                      0x0800027f   Thumb Code     0  startup_stm32l476xx.o(.text)
    CAN1_TX_IRQHandler                       0x0800027f   Thumb Code     0  startup_stm32l476xx.o(.text)
    COMP_IRQHandler                          0x0800027f   Thumb Code     0  startup_stm32l476xx.o(.text)
    DFSDM0_IRQHandler                        0x0800027f   Thumb Code     0  startup_stm32l476xx.o(.text)
    DFSDM1_IRQHandler                        0x0800027f   Thumb Code     0  startup_stm32l476xx.o(.text)
    DFSDM2_IRQHandler                        0x0800027f   Thumb Code     0  startup_stm32l476xx.o(.text)
    DFSDM3_IRQHandler                        0x0800027f   Thumb Code     0  startup_stm32l476xx.o(.text)
    DMA1_Channel1_IRQHandler                 0x0800027f   Thumb Code     0  startup_stm32l476xx.o(.text)
    DMA1_Channel2_IRQHandler                 0x0800027f   Thumb Code     0  startup_stm32l476xx.o(.text)
    DMA1_Channel3_IRQHandler                 0x0800027f   Thumb Code     0  startup_stm32l476xx.o(.text)
    DMA1_Channel4_IRQHandler                 0x0800027f   Thumb Code     0  startup_stm32l476xx.o(.text)
    DMA1_Channel5_IRQHandler                 0x0800027f   Thumb Code     0  startup_stm32l476xx.o(.text)
    DMA1_Channel6_IRQHandler                 0x0800027f   Thumb Code     0  startup_stm32l476xx.o(.text)
    DMA1_Channel7_IRQHandler                 0x0800027f   Thumb Code     0  startup_stm32l476xx.o(.text)
    DMA2_Channel1_IRQHandler                 0x0800027f   Thumb Code     0  startup_stm32l476xx.o(.text)
    DMA2_Channel2_IRQHandler                 0x0800027f   Thumb Code     0  startup_stm32l476xx.o(.text)
    DMA2_Channel3_IRQHandler                 0x0800027f   Thumb Code     0  startup_stm32l476xx.o(.text)
    DMA2_Channel4_IRQHandler                 0x0800027f   Thumb Code     0  startup_stm32l476xx.o(.text)
    DMA2_Channel5_IRQHandler                 0x0800027f   Thumb Code     0  startup_stm32l476xx.o(.text)
    DMA2_Channel6_IRQHandler                 0x0800027f   Thumb Code     0  startup_stm32l476xx.o(.text)
    DMA2_Channel7_IRQHandler                 0x0800027f   Thumb Code     0  startup_stm32l476xx.o(.text)
    EXTI0_IRQHandler                         0x0800027f   Thumb Code     0  startup_stm32l476xx.o(.text)
    EXTI15_10_IRQHandler                     0x0800027f   Thumb Code     0  startup_stm32l476xx.o(.text)
    EXTI1_IRQHandler                         0x0800027f   Thumb Code     0  startup_stm32l476xx.o(.text)
    EXTI2_IRQHandler                         0x0800027f   Thumb Code     0  startup_stm32l476xx.o(.text)
    EXTI3_IRQHandler                         0x0800027f   Thumb Code     0  startup_stm32l476xx.o(.text)
    EXTI4_IRQHandler                         0x0800027f   Thumb Code     0  startup_stm32l476xx.o(.text)
    EXTI9_5_IRQHandler                       0x0800027f   Thumb Code     0  startup_stm32l476xx.o(.text)
    FLASH_IRQHandler                         0x0800027f   Thumb Code     0  startup_stm32l476xx.o(.text)
    FMC_IRQHandler                           0x0800027f   Thumb Code     0  startup_stm32l476xx.o(.text)
    FPU_IRQHandler                           0x0800027f   Thumb Code     0  startup_stm32l476xx.o(.text)
    I2C1_ER_IRQHandler                       0x0800027f   Thumb Code     0  startup_stm32l476xx.o(.text)
    I2C1_EV_IRQHandler                       0x0800027f   Thumb Code     0  startup_stm32l476xx.o(.text)
    I2C2_ER_IRQHandler                       0x0800027f   Thumb Code     0  startup_stm32l476xx.o(.text)
    I2C2_EV_IRQHandler                       0x0800027f   Thumb Code     0  startup_stm32l476xx.o(.text)
    I2C3_ER_IRQHandler                       0x0800027f   Thumb Code     0  startup_stm32l476xx.o(.text)
    I2C3_EV_IRQHandler                       0x0800027f   Thumb Code     0  startup_stm32l476xx.o(.text)
    LCD_IRQHandler                           0x0800027f   Thumb Code     0  startup_stm32l476xx.o(.text)
    LPTIM1_IRQHandler                        0x0800027f   Thumb Code     0  startup_stm32l476xx.o(.text)
    LPTIM2_IRQHandler                        0x0800027f   Thumb Code     0  startup_stm32l476xx.o(.text)
    LPUART1_IRQHandler                       0x0800027f   Thumb Code     0  startup_stm32l476xx.o(.text)
    OTG_FS_IRQHandler                        0x0800027f   Thumb Code     0  startup_stm32l476xx.o(.text)
    PVD_PVM_IRQHandler                       0x0800027f   Thumb Code     0  startup_stm32l476xx.o(.text)
    QUADSPI_IRQHandler                       0x0800027f   Thumb Code     0  startup_stm32l476xx.o(.text)
    RCC_IRQHandler                           0x0800027f   Thumb Code     0  startup_stm32l476xx.o(.text)
    RNG_IRQHandler                           0x0800027f   Thumb Code     0  startup_stm32l476xx.o(.text)
    RTC_Alarm_IRQHandler                     0x0800027f   Thumb Code     0  startup_stm32l476xx.o(.text)
    RTC_WKUP_IRQHandler                      0x0800027f   Thumb Code     0  startup_stm32l476xx.o(.text)
    SAI1_IRQHandler                          0x0800027f   Thumb Code     0  startup_stm32l476xx.o(.text)
    SAI2_IRQHandler                          0x0800027f   Thumb Code     0  startup_stm32l476xx.o(.text)
    SDMMC1_IRQHandler                        0x0800027f   Thumb Code     0  startup_stm32l476xx.o(.text)
    SPI1_IRQHandler                          0x0800027f   Thumb Code     0  startup_stm32l476xx.o(.text)
    SPI2_IRQHandler                          0x0800027f   Thumb Code     0  startup_stm32l476xx.o(.text)
    SPI3_IRQHandler                          0x0800027f   Thumb Code     0  startup_stm32l476xx.o(.text)
    SWPMI1_IRQHandler                        0x0800027f   Thumb Code     0  startup_stm32l476xx.o(.text)
    TAMP_STAMP_IRQHandler                    0x0800027f   Thumb Code     0  startup_stm32l476xx.o(.text)
    TIM1_BRK_TIM15_IRQHandler                0x0800027f   Thumb Code     0  startup_stm32l476xx.o(.text)
    TIM1_CC_IRQHandler                       0x0800027f   Thumb Code     0  startup_stm32l476xx.o(.text)
    TIM1_TRG_COM_TIM17_IRQHandler            0x0800027f   Thumb Code     0  startup_stm32l476xx.o(.text)
    TIM1_UP_TIM16_IRQHandler                 0x0800027f   Thumb Code     0  startup_stm32l476xx.o(.text)
    TIM2_IRQHandler                          0x0800027f   Thumb Code     0  startup_stm32l476xx.o(.text)
    TIM3_IRQHandler                          0x0800027f   Thumb Code     0  startup_stm32l476xx.o(.text)
    TIM4_IRQHandler                          0x0800027f   Thumb Code     0  startup_stm32l476xx.o(.text)
    TIM5_IRQHandler                          0x0800027f   Thumb Code     0  startup_stm32l476xx.o(.text)
    TIM6_DAC_IRQHandler                      0x0800027f   Thumb Code     0  startup_stm32l476xx.o(.text)
    TIM7_IRQHandler                          0x0800027f   Thumb Code     0  startup_stm32l476xx.o(.text)
    TIM8_BRK_IRQHandler                      0x0800027f   Thumb Code     0  startup_stm32l476xx.o(.text)
    TIM8_CC_IRQHandler                       0x0800027f   Thumb Code     0  startup_stm32l476xx.o(.text)
    TIM8_TRG_COM_IRQHandler                  0x0800027f   Thumb Code     0  startup_stm32l476xx.o(.text)
    TIM8_UP_IRQHandler                       0x0800027f   Thumb Code     0  startup_stm32l476xx.o(.text)
    TSC_IRQHandler                           0x0800027f   Thumb Code     0  startup_stm32l476xx.o(.text)
    UART4_IRQHandler                         0x0800027f   Thumb Code     0  startup_stm32l476xx.o(.text)
    UART5_IRQHandler                         0x0800027f   Thumb Code     0  startup_stm32l476xx.o(.text)
    USART1_IRQHandler                        0x0800027f   Thumb Code     0  startup_stm32l476xx.o(.text)
    USART2_IRQHandler                        0x0800027f   Thumb Code     0  startup_stm32l476xx.o(.text)
    USART3_IRQHandler                        0x0800027f   Thumb Code     0  startup_stm32l476xx.o(.text)
    WWDG_IRQHandler                          0x0800027f   Thumb Code     0  startup_stm32l476xx.o(.text)
    __user_initial_stackheap                 0x08000281   Thumb Code     0  startup_stm32l476xx.o(.text)
    __2sprintf                               0x080002b5   Thumb Code    34  noretval__2sprintf.o(.text)
    __printf                                 0x080002dd   Thumb Code   104  __printf.o(.text)
    _printf_int_dec                          0x08000345   Thumb Code   104  _printf_dec.o(.text)
    __use_two_region_memory                  0x080003bd   Thumb Code     2  heapauxi.o(.text)
    __rt_heap_escrow$2region                 0x080003bf   Thumb Code     2  heapauxi.o(.text)
    __rt_heap_expand$2region                 0x080003c1   Thumb Code     2  heapauxi.o(.text)
    _printf_int_common                       0x080003c3   Thumb Code   178  _printf_intcommon.o(.text)
    _printf_char_common                      0x0800047f   Thumb Code    32  _printf_char_common.o(.text)
    _sputc                                   0x080004a5   Thumb Code    10  _sputc.o(.text)
    __user_setup_stackheap                   0x080004af   Thumb Code    74  sys_stackheap_outer.o(.text)
    exit                                     0x080004f9   Thumb Code    18  exit.o(.text)
    __user_libspace                          0x0800050d   Thumb Code     8  libspace.o(.text)
    __user_perproc_libspace                  0x0800050d   Thumb Code     0  libspace.o(.text)
    __user_perthread_libspace                0x0800050d   Thumb Code     0  libspace.o(.text)
    _sys_exit                                0x08000515   Thumb Code     8  sys_exit.o(.text)
    __I$use$semihosting                      0x08000521   Thumb Code     0  use_no_semi.o(.text)
    __use_no_semihosting_swi                 0x08000521   Thumb Code     2  use_no_semi.o(.text)
    __semihosting_library_function           0x08000523   Thumb Code     0  indicate_semi.o(.text)
    Battery_Monitor_Init                     0x08000525   Thumb Code    12  sensors.o(.text.Battery_Monitor_Init)
    I2C1_GPIO_Init                           0x08000531   Thumb Code    66  i2c.o(.text.I2C1_GPIO_Init)
    I2C1_Init                                0x08000575   Thumb Code   126  i2c.o(.text.I2C1_Init)
    I2C2_GPIO_Init                           0x080005f5   Thumb Code    66  i2c.o(.text.I2C2_GPIO_Init)
    I2C2_Init                                0x08000639   Thumb Code   126  i2c.o(.text.I2C2_Init)
    I2C_ReceiveData                          0x080006b9   Thumb Code    76  i2c.o(.text.I2C_ReceiveData)
    I2C_SendData                             0x08000705   Thumb Code    94  i2c.o(.text.I2C_SendData)
    I2C_Start                                0x08000765   Thumb Code    50  i2c.o(.text.I2C_Start)
    I2C_Stop                                 0x08000799   Thumb Code    16  i2c.o(.text.I2C_Stop)
    I2C_WaitLineIdle                         0x080007a9   Thumb Code     8  i2c.o(.text.I2C_WaitLineIdle)
    LCD_Init                                 0x080007b1   Thumb Code    92  sensors.o(.text.LCD_Init)
    PWM_GPIO_Init                            0x0800080d   Thumb Code   156  pwm.o(.text.PWM_GPIO_Init)
    PWM_Init                                 0x080008a9   Thumb Code   202  pwm.o(.text.PWM_Init)
    SysTick_Handler                          0x08000975   Thumb Code    64  sysclock.o(.text.SysTick_Handler)
    SysTick_Init                             0x080009b5   Thumb Code    52  sysclock.o(.text.SysTick_Init)
    System_Clock_Init                        0x080009e9   Thumb Code   292  sysclock.o(.text.System_Clock_Init)
    controlLoop                              0x08000b1d   Thumb Code    72  sensors.o(.text.controlLoop)
    decrementAngle                           0x08000b65   Thumb Code    72  pwm.o(.text.decrementAngle)
    displayCharge                            0x08000bad   Thumb Code    44  sensors.o(.text.displayCharge)
    getCCRForAngle                           0x08000bd9   Thumb Code    72  pwm.o(.text.getCCRForAngle)
    incrementAngle                           0x08000c21   Thumb Code    72  pwm.o(.text.incrementAngle)
    main                                     0x08000c69   Thumb Code    50  main.o(.text.main)
    moveTowardLight                          0x08000c9d   Thumb Code   100  sensors.o(.text.moveTowardLight)
    readBatteryCharge                        0x08000d01   Thumb Code    88  sensors.o(.text.readBatteryCharge)
    readLuxValues                            0x08000d59   Thumb Code    44  sensors.o(.text.readLuxValues)
    readWord                                 0x08000d85   Thumb Code    88  i2c.o(.text.readWord)
    setAngle                                 0x08000ddd   Thumb Code    52  pwm.o(.text.setAngle)
    writeToDisplay                           0x08000e11   Thumb Code   220  sensors.o(.text.writeToDisplay)
    writeWord                                0x08000eed   Thumb Code    76  i2c.o(.text.writeWord)
    __aeabi_dadd                             0x08000f39   Thumb Code     0  daddsub_clz.o(x$fpl$dadd)
    _dadd                                    0x08000f39   Thumb Code   332  daddsub_clz.o(x$fpl$dadd)
    __aeabi_ddiv                             0x08001089   Thumb Code     0  ddiv.o(x$fpl$ddiv)
    _ddiv                                    0x08001089   Thumb Code   552  ddiv.o(x$fpl$ddiv)
    __aeabi_d2iz                             0x08001339   Thumb Code     0  dfix.o(x$fpl$dfix)
    _dfix                                    0x08001339   Thumb Code    94  dfix.o(x$fpl$dfix)
    __aeabi_d2uiz                            0x08001399   Thumb Code     0  dfixu.o(x$fpl$dfixu)
    _dfixu                                   0x08001399   Thumb Code    90  dfixu.o(x$fpl$dfixu)
    __aeabi_ui2d                             0x080013f3   Thumb Code     0  dflt_clz.o(x$fpl$dfltu)
    _dfltu                                   0x080013f3   Thumb Code    38  dflt_clz.o(x$fpl$dfltu)
    __aeabi_dmul                             0x08001419   Thumb Code     0  dmul.o(x$fpl$dmul)
    _dmul                                    0x08001419   Thumb Code   332  dmul.o(x$fpl$dmul)
    __fpl_dnaninf                            0x0800156d   Thumb Code   156  dnaninf.o(x$fpl$dnaninf)
    __fpl_dretinf                            0x08001609   Thumb Code    12  dretinf.o(x$fpl$dretinf)
    __aeabi_dsub                             0x08001615   Thumb Code     0  daddsub_clz.o(x$fpl$dsub)
    _dsub                                    0x08001615   Thumb Code   464  daddsub_clz.o(x$fpl$dsub)
    _fp_init                                 0x080017e9   Thumb Code    26  fpinit.o(x$fpl$fpinit)
    __fplib_config_fpu_vfp                   0x08001801   Thumb Code     0  fpinit.o(x$fpl$fpinit)
    __fplib_config_pureend_doubles           0x08001801   Thumb Code     0  fpinit.o(x$fpl$fpinit)
    __I$use$fp                               0x08001802   Number         0  usenofp.o(x$fpl$usenofp)
    Region$$Table$$Base                      0x08001804   Number         0  anon$$obj.o(Region$$Table)
    Image$$ER_IROM1$$RO$$Limit               0x08001824   Number         0  anon$$obj.o ABSOLUTE
    Image$$ER_IROM1$$RW$$Base                0x08001824   Number         0  anon$$obj.o ABSOLUTE
    Image$$ER_IROM1$$RW$$Limit               0x08001824   Number         0  anon$$obj.o ABSOLUTE
    Image$$ER_IROM1$$ZI$$Base                0x08001824   Number         0  anon$$obj.o ABSOLUTE
    Image$$ER_IROM1$$ZI$$Limit               0x08001824   Number         0  anon$$obj.o ABSOLUTE
    Region$$Table$$Limit                     0x08001824   Number         0  anon$$obj.o(Region$$Table)
    Load$$RW_IRAM1$$Base                     0x08001828   Number         0  anon$$obj.o ABSOLUTE
    Image$$RW_IRAM1$$Base                    0x20000000   Number         0  anon$$obj.o ABSOLUTE
    Image$$RW_IRAM1$$RO$$Base                0x20000000   Number         0  anon$$obj.o ABSOLUTE
    Image$$RW_IRAM1$$RW$$Base                0x20000000   Number         0  anon$$obj.o ABSOLUTE
    batteryLoopSec                           0x20000000   Data           4  main.o(.data.batteryLoopSec)
    maxDegH                                  0x20000004   Data           1  main.o(.data.maxDegH)
    maxDegV                                  0x20000005   Data           1  main.o(.data.maxDegV)
    minDegH                                  0x20000006   Data           1  main.o(.data.minDegH)
    minDegV                                  0x20000007   Data           1  main.o(.data.minDegV)
    Image$$RW_IRAM1$$Limit                   0x20000008   Number         0  anon$$obj.o ABSOLUTE
    Image$$RW_IRAM1$$RW$$Limit               0x20000008   Number         0  anon$$obj.o ABSOLUTE
    Image$$RW_IRAM1$$ZI$$Base                0x20000008   Number         0  anon$$obj.o ABSOLUTE
    __libspace_start                         0x20000008   Data          96  libspace.o(.bss)
    __temporary_stack_top$libspace           0x20000068   Data           0  libspace.o(.bss)
    batteryCharge                            0x20000068   Data           2  sensors.o(.bss.batteryCharge)
    count                                    0x2000006a   Data           1  sensors.o(.bss.count)
    currentAngle1                            0x2000006c   Data           4  pwm.o(.bss.currentAngle1)
    currentAngle2                            0x20000070   Data           4  pwm.o(.bss.currentAngle2)
    sensorValues                             0x2000007c   Data           8  sensors.o(.bss.sensorValues)
    start                                    0x20000084   Data           1  main.o(.bss.start)
    Image$$RW_IRAM1$$ZI$$Limit               0x20000688   Number         0  anon$$obj.o ABSOLUTE



==============================================================================

Memory Map of the image

  Image Entry point : 0x08000189

  Load Region LR_IROM1 (Base: 0x08000000, Size: 0x00001830, Max: 0x00100000, ABSOLUTE)

    Execution Region ER_IROM1 (Exec base: 0x08000000, Load base: 0x08000000, Size: 0x00001824, Max: 0x00100000, ABSOLUTE)

    Exec Addr    Load Addr    Size         Type   Attr      Idx    E Section Name        Object

    0x08000000   0x08000000   0x00000188   Data   RO            3    RESET               startup_stm32l476xx.o
    0x08000188   0x08000188   0x00000008   Code   RO          170  * !!!main             c_w.l(__main.o)
    0x08000190   0x08000190   0x00000034   Code   RO          373    !!!scatter          c_w.l(__scatter.o)
    0x080001c4   0x080001c4   0x0000001a   Code   RO          375    !!handler_copy      c_w.l(__scatter_copy.o)
    0x080001de   0x080001de   0x00000002   PAD
    0x080001e0   0x080001e0   0x0000001c   Code   RO          377    !!handler_zi        c_w.l(__scatter_zi.o)
    0x080001fc   0x080001fc   0x00000000   Code   RO          167    .ARM.Collect$$_printf_percent$$00000000  c_w.l(_printf_percent.o)
    0x080001fc   0x080001fc   0x00000006   Code   RO          166    .ARM.Collect$$_printf_percent$$0000000A  c_w.l(_printf_u.o)
    0x08000202   0x08000202   0x00000004   Code   RO          205    .ARM.Collect$$_printf_percent$$00000017  c_w.l(_printf_percent_end.o)
    0x08000206   0x08000206   0x00000002   Code   RO          237    .ARM.Collect$$libinit$$00000000  c_w.l(libinit.o)
    0x08000208   0x08000208   0x00000004   Code   RO          243    .ARM.Collect$$libinit$$00000001  c_w.l(libinit2.o)
    0x0800020c   0x0800020c   0x00000000   Code   RO          246    .ARM.Collect$$libinit$$00000004  c_w.l(libinit2.o)
    0x0800020c   0x0800020c   0x00000000   Code   RO          249    .ARM.Collect$$libinit$$0000000A  c_w.l(libinit2.o)
    0x0800020c   0x0800020c   0x00000000   Code   RO          251    .ARM.Collect$$libinit$$0000000C  c_w.l(libinit2.o)
    0x0800020c   0x0800020c   0x00000000   Code   RO          253    .ARM.Collect$$libinit$$0000000E  c_w.l(libinit2.o)
    0x0800020c   0x0800020c   0x00000000   Code   RO          256    .ARM.Collect$$libinit$$00000011  c_w.l(libinit2.o)
    0x0800020c   0x0800020c   0x00000000   Code   RO          258    .ARM.Collect$$libinit$$00000013  c_w.l(libinit2.o)
    0x0800020c   0x0800020c   0x00000000   Code   RO          260    .ARM.Collect$$libinit$$00000015  c_w.l(libinit2.o)
    0x0800020c   0x0800020c   0x00000000   Code   RO          262    .ARM.Collect$$libinit$$00000017  c_w.l(libinit2.o)
    0x0800020c   0x0800020c   0x00000000   Code   RO          264    .ARM.Collect$$libinit$$00000019  c_w.l(libinit2.o)
    0x0800020c   0x0800020c   0x00000000   Code   RO          266    .ARM.Collect$$libinit$$0000001B  c_w.l(libinit2.o)
    0x0800020c   0x0800020c   0x00000000   Code   RO          268    .ARM.Collect$$libinit$$0000001D  c_w.l(libinit2.o)
    0x0800020c   0x0800020c   0x00000000   Code   RO          270    .ARM.Collect$$libinit$$0000001F  c_w.l(libinit2.o)
    0x0800020c   0x0800020c   0x00000000   Code   RO          272    .ARM.Collect$$libinit$$00000021  c_w.l(libinit2.o)
    0x0800020c   0x0800020c   0x00000000   Code   RO          274    .ARM.Collect$$libinit$$00000023  c_w.l(libinit2.o)
    0x0800020c   0x0800020c   0x00000000   Code   RO          276    .ARM.Collect$$libinit$$00000025  c_w.l(libinit2.o)
    0x0800020c   0x0800020c   0x00000000   Code   RO          280    .ARM.Collect$$libinit$$0000002C  c_w.l(libinit2.o)
    0x0800020c   0x0800020c   0x00000000   Code   RO          282    .ARM.Collect$$libinit$$0000002E  c_w.l(libinit2.o)
    0x0800020c   0x0800020c   0x00000000   Code   RO          284    .ARM.Collect$$libinit$$00000030  c_w.l(libinit2.o)
    0x0800020c   0x0800020c   0x00000000   Code   RO          286    .ARM.Collect$$libinit$$00000032  c_w.l(libinit2.o)
    0x0800020c   0x0800020c   0x00000002   Code   RO          287    .ARM.Collect$$libinit$$00000033  c_w.l(libinit2.o)
    0x0800020e   0x0800020e   0x00000002   Code   RO          309    .ARM.Collect$$libshutdown$$00000000  c_w.l(libshutdown.o)
    0x08000210   0x08000210   0x00000000   Code   RO          324    .ARM.Collect$$libshutdown$$00000002  c_w.l(libshutdown2.o)
    0x08000210   0x08000210   0x00000000   Code   RO          326    .ARM.Collect$$libshutdown$$00000004  c_w.l(libshutdown2.o)
    0x08000210   0x08000210   0x00000000   Code   RO          329    .ARM.Collect$$libshutdown$$00000007  c_w.l(libshutdown2.o)
    0x08000210   0x08000210   0x00000000   Code   RO          332    .ARM.Collect$$libshutdown$$0000000A  c_w.l(libshutdown2.o)
    0x08000210   0x08000210   0x00000000   Code   RO          334    .ARM.Collect$$libshutdown$$0000000C  c_w.l(libshutdown2.o)
    0x08000210   0x08000210   0x00000000   Code   RO          337    .ARM.Collect$$libshutdown$$0000000F  c_w.l(libshutdown2.o)
    0x08000210   0x08000210   0x00000002   Code   RO          338    .ARM.Collect$$libshutdown$$00000010  c_w.l(libshutdown2.o)
    0x08000212   0x08000212   0x00000000   Code   RO          198    .ARM.Collect$$rtentry$$00000000  c_w.l(__rtentry.o)
    0x08000212   0x08000212   0x00000000   Code   RO          212    .ARM.Collect$$rtentry$$00000002  c_w.l(__rtentry2.o)
    0x08000212   0x08000212   0x00000006   Code   RO          224    .ARM.Collect$$rtentry$$00000004  c_w.l(__rtentry4.o)
    0x08000218   0x08000218   0x00000000   Code   RO          214    .ARM.Collect$$rtentry$$00000009  c_w.l(__rtentry2.o)
    0x08000218   0x08000218   0x00000004   Code   RO          215    .ARM.Collect$$rtentry$$0000000A  c_w.l(__rtentry2.o)
    0x0800021c   0x0800021c   0x00000000   Code   RO          217    .ARM.Collect$$rtentry$$0000000C  c_w.l(__rtentry2.o)
    0x0800021c   0x0800021c   0x00000008   Code   RO          218    .ARM.Collect$$rtentry$$0000000D  c_w.l(__rtentry2.o)
    0x08000224   0x08000224   0x00000002   Code   RO          241    .ARM.Collect$$rtexit$$00000000  c_w.l(rtexit.o)
    0x08000226   0x08000226   0x00000000   Code   RO          289    .ARM.Collect$$rtexit$$00000002  c_w.l(rtexit2.o)
    0x08000226   0x08000226   0x00000004   Code   RO          290    .ARM.Collect$$rtexit$$00000003  c_w.l(rtexit2.o)
    0x0800022a   0x0800022a   0x00000006   Code   RO          291    .ARM.Collect$$rtexit$$00000004  c_w.l(rtexit2.o)
    0x08000230   0x08000230   0x00000084   Code   RO            4    .text               startup_stm32l476xx.o
    0x080002b4   0x080002b4   0x00000028   Code   RO          140    .text               c_w.l(noretval__2sprintf.o)
    0x080002dc   0x080002dc   0x00000068   Code   RO          142    .text               c_w.l(__printf.o)
    0x08000344   0x08000344   0x00000078   Code   RO          144    .text               c_w.l(_printf_dec.o)
    0x080003bc   0x080003bc   0x00000006   Code   RO          168    .text               c_w.l(heapauxi.o)
    0x080003c2   0x080003c2   0x000000b2   Code   RO          199    .text               c_w.l(_printf_intcommon.o)
    0x08000474   0x08000474   0x00000030   Code   RO          201    .text               c_w.l(_printf_char_common.o)
    0x080004a4   0x080004a4   0x0000000a   Code   RO          203    .text               c_w.l(_sputc.o)
    0x080004ae   0x080004ae   0x0000004a   Code   RO          228    .text               c_w.l(sys_stackheap_outer.o)
    0x080004f8   0x080004f8   0x00000012   Code   RO          230    .text               c_w.l(exit.o)
    0x0800050a   0x0800050a   0x00000002   PAD
    0x0800050c   0x0800050c   0x00000008   Code   RO          238    .text               c_w.l(libspace.o)
    0x08000514   0x08000514   0x0000000c   Code   RO          299    .text               c_w.l(sys_exit.o)
    0x08000520   0x08000520   0x00000002   Code   RO          314    .text               c_w.l(use_no_semi.o)
    0x08000522   0x08000522   0x00000000   Code   RO          316    .text               c_w.l(indicate_semi.o)
    0x08000522   0x08000522   0x00000002   PAD
    0x08000524   0x08000524   0x0000000c   Code   RO          101    .text.Battery_Monitor_Init  sensors.o
    0x08000530   0x08000530   0x00000042   Code   RO           55    .text.I2C1_GPIO_Init  i2c.o
    0x08000572   0x08000572   0x00000002   PAD
    0x08000574   0x08000574   0x0000007e   Code   RO           59    .text.I2C1_Init     i2c.o
    0x080005f2   0x080005f2   0x00000002   PAD
    0x080005f4   0x080005f4   0x00000042   Code   RO           57    .text.I2C2_GPIO_Init  i2c.o
    0x08000636   0x08000636   0x00000002   PAD
    0x08000638   0x08000638   0x0000007e   Code   RO           61    .text.I2C2_Init     i2c.o
    0x080006b6   0x080006b6   0x00000002   PAD
    0x080006b8   0x080006b8   0x0000004c   Code   RO           71    .text.I2C_ReceiveData  i2c.o
    0x08000704   0x08000704   0x0000005e   Code   RO           69    .text.I2C_SendData  i2c.o
    0x08000762   0x08000762   0x00000002   PAD
    0x08000764   0x08000764   0x00000032   Code   RO           63    .text.I2C_Start     i2c.o
    0x08000796   0x08000796   0x00000002   PAD
    0x08000798   0x08000798   0x00000010   Code   RO           65    .text.I2C_Stop      i2c.o
    0x080007a8   0x080007a8   0x00000008   Code   RO           67    .text.I2C_WaitLineIdle  i2c.o
    0x080007b0   0x080007b0   0x0000005c   Code   RO           97    .text.LCD_Init      sensors.o
    0x0800080c   0x0800080c   0x0000009c   Code   RO           31    .text.PWM_GPIO_Init  pwm.o
    0x080008a8   0x080008a8   0x000000ca   Code   RO           33    .text.PWM_Init      pwm.o
    0x08000972   0x08000972   0x00000002   PAD
    0x08000974   0x08000974   0x00000040   Code   RO           17    .text.SysTick_Handler  sysclock.o
    0x080009b4   0x080009b4   0x00000034   Code   RO           13    .text.SysTick_Init  sysclock.o
    0x080009e8   0x080009e8   0x00000124   Code   RO           11    .text.System_Clock_Init  sysclock.o
    0x08000b0c   0x08000b0c   0x0000000e   Code   RO           15    .text.__NVIC_SetPriority  sysclock.o
    0x08000b1a   0x08000b1a   0x00000002   PAD
    0x08000b1c   0x08000b1c   0x00000048   Code   RO          105    .text.controlLoop   sensors.o
    0x08000b64   0x08000b64   0x00000048   Code   RO           41    .text.decrementAngle  pwm.o
    0x08000bac   0x08000bac   0x0000002c   Code   RO           99    .text.displayCharge  sensors.o
    0x08000bd8   0x08000bd8   0x00000048   Code   RO           35    .text.getCCRForAngle  pwm.o
    0x08000c20   0x08000c20   0x00000048   Code   RO           37    .text.incrementAngle  pwm.o
    0x08000c68   0x08000c68   0x00000032   Code   RO          118    .text.main          main.o
    0x08000c9a   0x08000c9a   0x00000002   PAD
    0x08000c9c   0x08000c9c   0x00000064   Code   RO           95    .text.moveTowardLight  sensors.o
    0x08000d00   0x08000d00   0x00000058   Code   RO          103    .text.readBatteryCharge  sensors.o
    0x08000d58   0x08000d58   0x0000002c   Code   RO           93    .text.readLuxValues  sensors.o
    0x08000d84   0x08000d84   0x00000058   Code   RO           73    .text.readWord      i2c.o
    0x08000ddc   0x08000ddc   0x00000034   Code   RO           39    .text.setAngle      pwm.o
    0x08000e10   0x08000e10   0x000000dc   Code   RO           87    .text.writeToDisplay  sensors.o
    0x08000eec   0x08000eec   0x0000004c   Code   RO           75    .text.writeWord     i2c.o
    0x08000f38   0x08000f38   0x00000150   Code   RO          172    x$fpl$dadd          fz_wm.l(daddsub_clz.o)
    0x08001088   0x08001088   0x000002b0   Code   RO          179    x$fpl$ddiv          fz_wm.l(ddiv.o)
    0x08001338   0x08001338   0x0000005e   Code   RO          182    x$fpl$dfix          fz_wm.l(dfix.o)
    0x08001396   0x08001396   0x00000002   PAD
    0x08001398   0x08001398   0x0000005a   Code   RO          186    x$fpl$dfixu         fz_wm.l(dfixu.o)
    0x080013f2   0x080013f2   0x00000026   Code   RO          190    x$fpl$dfltu         fz_wm.l(dflt_clz.o)
    0x08001418   0x08001418   0x00000154   Code   RO          196    x$fpl$dmul          fz_wm.l(dmul.o)
    0x0800156c   0x0800156c   0x0000009c   Code   RO          206    x$fpl$dnaninf       fz_wm.l(dnaninf.o)
    0x08001608   0x08001608   0x0000000c   Code   RO          208    x$fpl$dretinf       fz_wm.l(dretinf.o)
    0x08001614   0x08001614   0x000001d4   Code   RO          174    x$fpl$dsub          fz_wm.l(daddsub_clz.o)
    0x080017e8   0x080017e8   0x0000001a   Code   RO          297    x$fpl$fpinit        fz_wm.l(fpinit.o)
    0x08001802   0x08001802   0x00000000   Code   RO          210    x$fpl$usenofp       fz_wm.l(usenofp.o)
    0x08001802   0x08001802   0x00000002   PAD
    0x08001804   0x08001804   0x00000020   Data   RO          372    Region$$Table       anon$$obj.o


    Execution Region RW_IRAM1 (Exec base: 0x20000000, Load base: 0x08001828, Size: 0x00000688, Max: 0x00018000, ABSOLUTE)

    Exec Addr    Load Addr    Size         Type   Attr      Idx    E Section Name        Object

    0x20000000   0x08001828   0x00000004   Data   RW          121    .data.batteryLoopSec  main.o
    0x20000004   0x0800182c   0x00000001   Data   RW          122    .data.maxDegH       main.o
    0x20000005   0x0800182d   0x00000001   Data   RW          124    .data.maxDegV       main.o
    0x20000006   0x0800182e   0x00000001   Data   RW          123    .data.minDegH       main.o
    0x20000007   0x0800182f   0x00000001   Data   RW          125    .data.minDegV       main.o
    0x20000008        -       0x00000060   Zero   RW          239    .bss                c_w.l(libspace.o)
    0x20000068        -       0x00000002   Zero   RW          107    .bss.batteryCharge  sensors.o
    0x2000006a        -       0x00000001   Zero   RW          108    .bss.count          sensors.o
    0x2000006b   0x08001830   0x00000001   PAD
    0x2000006c        -       0x00000004   Zero   RW           45    .bss.currentAngle1  pwm.o
    0x20000070        -       0x00000004   Zero   RW           46    .bss.currentAngle2  pwm.o
    0x20000074        -       0x00000004   Zero   RW           21    .bss.delayTicks     sysclock.o
    0x20000078        -       0x00000004   Zero   RW           22    .bss.msTicks_A      sysclock.o
    0x2000007c        -       0x00000008   Zero   RW          109    .bss.sensorValues   sensors.o
    0x20000084        -       0x00000001   Zero   RW          126    .bss.start          main.o
    0x20000085   0x08001830   0x00000003   PAD
    0x20000088        -       0x00000200   Zero   RW            2    HEAP                startup_stm32l476xx.o
    0x20000288        -       0x00000400   Zero   RW            1    STACK               startup_stm32l476xx.o


==============================================================================

Image component sizes


      Code (inc. data)   RO Data    RW Data    ZI Data      Debug   Object Name

       792          0          0          0          0       5205   i2c.o
        50          0          0          8          1        896   main.o
       626         24          0          0          8       3672   pwm.o
       672         38          0          0         11       4406   sensors.o
       132         42        392          0       1536        860   startup_stm32l476xx.o
       422          0          0          0          8       5695   sysclock.o

    ----------------------------------------------------------------------
      2712        104        424          8       1568      20734   Object Totals
         0          0         32          0          0          0   (incl. Generated)
        18          0          0          0          4          0   (incl. Padding)

    ----------------------------------------------------------------------

      Code (inc. data)   RO Data    RW Data    ZI Data      Debug   Library Member Name

         8          0          0          0          0         68   __main.o
       104          0          0          0          0         84   __printf.o
         0          0          0          0          0          0   __rtentry.o
        12          0          0          0          0          0   __rtentry2.o
         6          0          0          0          0          0   __rtentry4.o
        52          8          0          0          0          0   __scatter.o
        26          0          0          0          0          0   __scatter_copy.o
        28          0          0          0          0          0   __scatter_zi.o
        48          6          0          0          0         96   _printf_char_common.o
       120         16          0          0          0         92   _printf_dec.o
       178          0          0          0          0         88   _printf_intcommon.o
         0          0          0          0          0          0   _printf_percent.o
         4          0          0          0          0          0   _printf_percent_end.o
         6          0          0          0          0          0   _printf_u.o
        10          0          0          0          0         68   _sputc.o
        18          0          0          0          0         80   exit.o
         6          0          0          0          0        152   heapauxi.o
         0          0          0          0          0          0   indicate_semi.o
         2          0          0          0          0          0   libinit.o
         6          0          0          0          0          0   libinit2.o
         2          0          0          0          0          0   libshutdown.o
         2          0          0          0          0          0   libshutdown2.o
         8          4          0          0         96         68   libspace.o
        40          6          0          0          0         84   noretval__2sprintf.o
         2          0          0          0          0          0   rtexit.o
        10          0          0          0          0          0   rtexit2.o
        12          4          0          0          0         68   sys_exit.o
        74          0          0          0          0         80   sys_stackheap_outer.o
         2          0          0          0          0         68   use_no_semi.o
       804         16          0          0          0        376   daddsub_clz.o
       688        140          0          0          0        264   ddiv.o
        94          4          0          0          0        140   dfix.o
        90          4          0          0          0        140   dfixu.o
        38          0          0          0          0        116   dflt_clz.o
       340         12          0          0          0        152   dmul.o
       156          4          0          0          0        140   dnaninf.o
        12          0          0          0          0        116   dretinf.o
        26          0          0          0          0        116   fpinit.o
         0          0          0          0          0          0   usenofp.o

    ----------------------------------------------------------------------
      3044        224          0          0         96       2656   Library Totals
        10          0          0          0          0          0   (incl. Padding)

    ----------------------------------------------------------------------

      Code (inc. data)   RO Data    RW Data    ZI Data      Debug   Library Name

       786         44          0          0         96       1096   c_w.l
      2248        180          0          0          0       1560   fz_wm.l

    ----------------------------------------------------------------------
      3044        224          0          0         96       2656   Library Totals

    ----------------------------------------------------------------------

==============================================================================


      Code (inc. data)   RO Data    RW Data    ZI Data      Debug   

      5756        328        424          8       1664      21958   Grand Totals
      5756        328        424          8       1664      21958   ELF Image Totals
      5756        328        424          8          0          0   ROM Totals

==============================================================================

    Total RO  Size (Code + RO Data)                 6180 (   6.04kB)
    Total RW  Size (RW Data + ZI Data)              1672 (   1.63kB)
    Total ROM Size (Code + RO Data + RW Data)       6188 (   6.04kB)

==============================================================================

